
> wasteflow@0.1.0 backend:test
> cd apps/backend && npm run test --testPathPattern=domain --verbose

npm verbose cli C:\Program Files\nodejs\node.exe C:\Program Files\nodejs\node_modules\npm\bin\npm-cli.js
npm info using npm@10.9.0
npm info using node@v22.10.0
npm info config found workspace root at C:\Progetti\rifiuti
npm verbose title npm run test
npm verbose argv "run" "test" "--testPathPattern" "domain" "--loglevel" "verbose"
npm verbose logfile logs-max:10 dir:C:\Users\manzo\AppData\Local\npm-cache\_logs\2025-11-01T19_36_03_270Z-
npm verbose logfile C:\Users\manzo\AppData\Local\npm-cache\_logs\2025-11-01T19_36_03_270Z-debug-0.log

> @wasteflow/backend@0.1.0 test
> jest

PASS src/application/fir/use-cases/emetti-fir.use-case.spec.ts (16.891 s)
FAIL src/domain/fir/rentri-sync-status.vo.spec.ts (16.871 s)
  ● RENTRISyncStatus › Construction › should create status with default values

    expect(received).toBe(expected) // Object.is equality

    Expected: true
    Received: false

    [0m [90m 13 |[39m       expect(status[33m.[39mgetStatus())[33m.[39mtoBe([32m'PENDING'[39m)[33m;[39m
     [90m 14 |[39m       expect(status[33m.[39mgetAttempts())[33m.[39mtoBe([35m0[39m)[33m;[39m
    [31m[1m>[22m[39m[90m 15 |[39m       expect(status[33m.[39mcanRetry())[33m.[39mtoBe([36mtrue[39m)[33m;[39m
     [90m    |[39m                                 [31m[1m^[22m[39m
     [90m 16 |[39m     })[33m;[39m
     [90m 17 |[39m
     [90m 18 |[39m     it([32m'should create syncing status'[39m[33m,[39m () [33m=>[39m {[0m

      at Object.<anonymous> (domain/fir/rentri-sync-status.vo.spec.ts:15:33)

PASS src/application/fir/use-cases/conferma-consegna-fir.use-case.spec.ts (16.901 s)
PASS src/domain/auth/value-objects/email.spec.ts (16.93 s)
FAIL src/domain/fir/events/fir-synced-to-rentri.event.spec.ts (16.916 s)
  ● RENTRI Sync Domain Events › FIRSyncedToRENTRIEvent › should have immutable properties

    expect(received).toBe(expected) // Object.is equality

    Expected: "FIRSyncedToRENTRI"
    Received: "Modified"

    [0m [90m 49 |[39m
     [90m 50 |[39m       [90m// Verify original value unchanged in readonly context[39m
    [31m[1m>[22m[39m[90m 51 |[39m       expect(event[33m.[39meventType)[33m.[39mtoBe([32m'FIRSyncedToRENTRI'[39m)[33m;[39m
     [90m    |[39m                               [31m[1m^[22m[39m
     [90m 52 |[39m     })[33m;[39m
     [90m 53 |[39m
     [90m 54 |[39m     it([32m'should include syncedAt timestamp in payload'[39m[33m,[39m () [33m=>[39m {[0m

      at Object.<anonymous> (domain/fir/events/fir-synced-to-rentri.event.spec.ts:51:31)

FAIL src/domain/fir/fir.aggregate.spec.ts (17.038 s)
  ● FIR Aggregate - Digital Signatures › applySignature() Business Rules › should complete workflow with receiver signature

    DomainException: Invalid Italian fiscal code for signer: PRODUCER123

    [0m [90m 57 |[39m [90m   */[39m
     [90m 58 |[39m   [36mstatic[39m validationFailed(code[33m:[39m string[33m,[39m message[33m:[39m string[33m,[39m metadata[33m?[39m[33m:[39m [33mRecord[39m[33m<[39m[33mstring[39m[33m,[39m any[33m>[39m)[33m:[39m [33mDomainException[39m {
    [31m[1m>[22m[39m[90m 59 |[39m     [36mreturn[39m [36mnew[39m [33mDomainException[39m(message[33m,[39m code[33m,[39m metadata)[33m;[39m
     [90m    |[39m            [31m[1m^[22m[39m
     [90m 60 |[39m   }
     [90m 61 |[39m }
     [90m 62 |[39m[0m

      at Function.validationFailed (domain/shared/domain-exception.ts:59:12)
      at Function.create (domain/fir/digital-signature.vo.ts:80:29)
      at Object.<anonymous> (domain/fir/fir.aggregate.spec.ts:106:26)

  ● FIR Aggregate - Digital Signatures › applySignature() Business Rules › should reject carrier signature before producer

    DomainException: Invalid Italian fiscal code for signer: CARRIER456

    [0m [90m 57 |[39m [90m   */[39m
     [90m 58 |[39m   [36mstatic[39m validationFailed(code[33m:[39m string[33m,[39m message[33m:[39m string[33m,[39m metadata[33m?[39m[33m:[39m [33mRecord[39m[33m<[39m[33mstring[39m[33m,[39m any[33m>[39m)[33m:[39m [33mDomainException[39m {
    [31m[1m>[22m[39m[90m 59 |[39m     [36mreturn[39m [36mnew[39m [33mDomainException[39m(message[33m,[39m code[33m,[39m metadata)[33m;[39m
     [90m    |[39m            [31m[1m^[22m[39m
     [90m 60 |[39m   }
     [90m 61 |[39m }
     [90m 62 |[39m[0m

      at Function.validationFailed (domain/shared/domain-exception.ts:59:12)
      at Function.create (domain/fir/digital-signature.vo.ts:80:29)
      at Object.<anonymous> (domain/fir/fir.aggregate.spec.ts:166:43)

  ● FIR Aggregate - Digital Signatures › applySignature() Business Rules › should reject receiver signature before carrier

    DomainException: Invalid Italian fiscal code for signer: PRODUCER123

    [0m [90m 57 |[39m [90m   */[39m
     [90m 58 |[39m   [36mstatic[39m validationFailed(code[33m:[39m string[33m,[39m message[33m:[39m string[33m,[39m metadata[33m?[39m[33m:[39m [33mRecord[39m[33m<[39m[33mstring[39m[33m,[39m any[33m>[39m)[33m:[39m [33mDomainException[39m {
    [31m[1m>[22m[39m[90m 59 |[39m     [36mreturn[39m [36mnew[39m [33mDomainException[39m(message[33m,[39m code[33m,[39m metadata)[33m;[39m
     [90m    |[39m            [31m[1m^[22m[39m
     [90m 60 |[39m   }
     [90m 61 |[39m }
     [90m 62 |[39m[0m

      at Function.validationFailed (domain/shared/domain-exception.ts:59:12)
      at Function.create (domain/fir/digital-signature.vo.ts:80:29)
      at Object.<anonymous> (domain/fir/fir.aggregate.spec.ts:198:26)

  ● FIR Aggregate - Digital Signatures › applySignature() Business Rules › should reject duplicate signature from same role

    DomainException: Invalid Italian fiscal code for signer: PRODUCER123

    [0m [90m 57 |[39m [90m   */[39m
     [90m 58 |[39m   [36mstatic[39m validationFailed(code[33m:[39m string[33m,[39m message[33m:[39m string[33m,[39m metadata[33m?[39m[33m:[39m [33mRecord[39m[33m<[39m[33mstring[39m[33m,[39m any[33m>[39m)[33m:[39m [33mDomainException[39m {
    [31m[1m>[22m[39m[90m 59 |[39m     [36mreturn[39m [36mnew[39m [33mDomainException[39m(message[33m,[39m code[33m,[39m metadata)[33m;[39m
     [90m    |[39m            [31m[1m^[22m[39m
     [90m 60 |[39m   }
     [90m 61 |[39m }
     [90m 62 |[39m[0m

      at Function.validationFailed (domain/shared/domain-exception.ts:59:12)
      at Function.create (domain/fir/digital-signature.vo.ts:80:29)
      at Object.<anonymous> (domain/fir/fir.aggregate.spec.ts:245:26)

  ● FIR Aggregate - Digital Signatures › applySignature() Business Rules › should reject signature when FIR is immutable

    DomainException: Invalid Italian fiscal code for signer: P1

    [0m [90m 57 |[39m [90m   */[39m
     [90m 58 |[39m   [36mstatic[39m validationFailed(code[33m:[39m string[33m,[39m message[33m:[39m string[33m,[39m metadata[33m?[39m[33m:[39m [33mRecord[39m[33m<[39m[33mstring[39m[33m,[39m any[33m>[39m)[33m:[39m [33mDomainException[39m {
    [31m[1m>[22m[39m[90m 59 |[39m     [36mreturn[39m [36mnew[39m [33mDomainException[39m(message[33m,[39m code[33m,[39m metadata)[33m;[39m
     [90m    |[39m            [31m[1m^[22m[39m
     [90m 60 |[39m   }
     [90m 61 |[39m }
     [90m 62 |[39m[0m

      at Function.validationFailed (domain/shared/domain-exception.ts:59:12)
      at Function.create (domain/fir/digital-signature.vo.ts:80:29)
      at Object.<anonymous> (domain/fir/fir.aggregate.spec.ts:337:26)

  ● FIR Aggregate - Digital Signatures › isImmutable() Method › should return false for FIR with partial signatures

    DomainException: Invalid Italian fiscal code for signer: P1

    [0m [90m 57 |[39m [90m   */[39m
     [90m 58 |[39m   [36mstatic[39m validationFailed(code[33m:[39m string[33m,[39m message[33m:[39m string[33m,[39m metadata[33m?[39m[33m:[39m [33mRecord[39m[33m<[39m[33mstring[39m[33m,[39m any[33m>[39m)[33m:[39m [33mDomainException[39m {
    [31m[1m>[22m[39m[90m 59 |[39m     [36mreturn[39m [36mnew[39m [33mDomainException[39m(message[33m,[39m code[33m,[39m metadata)[33m;[39m
     [90m    |[39m            [31m[1m^[22m[39m
     [90m 60 |[39m   }
     [90m 61 |[39m }
     [90m 62 |[39m[0m

      at Function.validationFailed (domain/shared/domain-exception.ts:59:12)
      at Function.create (domain/fir/digital-signature.vo.ts:80:29)
      at Object.<anonymous> (domain/fir/fir.aggregate.spec.ts:431:26)

  ● FIR Aggregate - Digital Signatures › isImmutable() Method › should return true for FIR with all signatures

    DomainException: Invalid Italian fiscal code for signer: P

    [0m [90m 57 |[39m [90m   */[39m
     [90m 58 |[39m   [36mstatic[39m validationFailed(code[33m:[39m string[33m,[39m message[33m:[39m string[33m,[39m metadata[33m?[39m[33m:[39m [33mRecord[39m[33m<[39m[33mstring[39m[33m,[39m any[33m>[39m)[33m:[39m [33mDomainException[39m {
    [31m[1m>[22m[39m[90m 59 |[39m     [36mreturn[39m [36mnew[39m [33mDomainException[39m(message[33m,[39m code[33m,[39m metadata)[33m;[39m
     [90m    |[39m            [31m[1m^[22m[39m
     [90m 60 |[39m   }
     [90m 61 |[39m }
     [90m 62 |[39m[0m

      at Function.validationFailed (domain/shared/domain-exception.ts:59:12)
      at Function.create (domain/fir/digital-signature.vo.ts:80:29)
      at Object.<anonymous> (domain/fir/fir.aggregate.spec.ts:461:26)

PASS src/domain/cer/services/cer-catalog.service.spec.ts
FAIL src/auth/services/jwt-tokens.service.spec.ts (20.346 s)
  ● JwtTokensService › generateAccessToken › should generate access token with user payload

    expect(jest.fn()).toHaveBeenCalledWith(...expected)

    - Expected
    + Received

      Object {
        "email": "mario.rossi@example.com",
    -   "fiscalNumber": "RSSMRA80A01H501Z",
    +   "fiscalCode": undefined,
        "role": "ADMIN",
        "sub": "user-123",
        "tenantId": "tenant-123",
        "type": "access",
      },
      {"expiresIn": "15m"},

    Number of calls: 1

    [0m [90m 48 |[39m
     [90m 49 |[39m       expect(token)[33m.[39mtoBe([32m'mock-access-token'[39m)
    [31m[1m>[22m[39m[90m 50 |[39m       expect(jwtService[33m.[39msign)[33m.[39mtoHaveBeenCalledWith(
     [90m    |[39m                               [31m[1m^[22m[39m
     [90m 51 |[39m         {
     [90m 52 |[39m           sub[33m:[39m [32m'user-123'[39m[33m,[39m
     [90m 53 |[39m           email[33m:[39m [32m'mario.rossi@example.com'[39m[33m,[39m[0m

      at Object.<anonymous> (auth/services/jwt-tokens.service.spec.ts:50:31)

PASS src/auth/strategies/jwt.strategy.spec.ts
PASS src/application/rentri/sync-fir-to-rentri.use-case.spec.ts
PASS src/application/registry/use-cases/create-produttore.use-case.spec.ts
PASS src/domain/identity-access/resource-ownership.entity.spec.ts
PASS src/auth/guards/roles.guard.spec.ts
PASS src/domain/auth/user.entity.spec.ts
PASS src/auth/guards/jwt-auth.guard.spec.ts
PASS src/api/health/health.controller.spec.ts
PASS src/auth/strategies/spid.strategy.spec.ts (20.769 s)
PASS src/domain/cer/entities/cer-code.entity.spec.ts
FAIL src/domain/identity-access/abac/abac-integration.spec.ts (20.92 s)
  ● ABAC Integration Tests (T227) › Scenario: FIR Facility Scoping › should ALLOW access when user facility matches FIR producer facility

    expect(received).toBe(expected) // Object.is equality

    Expected: "ALLOW"
    Received: "NOT_APPLICABLE"

    [0m [90m 118 |[39m
     [90m 119 |[39m       [90m// Assert: Should ALLOW because facilities match[39m
    [31m[1m>[22m[39m[90m 120 |[39m       expect(result[33m.[39mdecision)[33m.[39mtoBe([32m'ALLOW'[39m)[33m;[39m
     [90m     |[39m                               [31m[1m^[22m[39m
     [90m 121 |[39m       expect(result[33m.[39mevaluatedPolicies[[35m0[39m][33m.[39mmatched)[33m.[39mtoBe([36mtrue[39m)[33m;[39m
     [90m 122 |[39m       expect(result[33m.[39mtotalEvaluationTimeMs)[33m.[39mtoBeLessThan([35m5[39m)[33m;[39m
     [90m 123 |[39m     })[33m;[39m[0m

      at Object.<anonymous> (domain/identity-access/abac/abac-integration.spec.ts:120:31)

  ● ABAC Integration Tests (T227) › Scenario: FIR Facility Scoping › should handle complex conditions with multiple rules (AND)

    expect(received).toBe(expected) // Object.is equality

    Expected: "ALLOW"
    Received: "NOT_APPLICABLE"

    [0m [90m 164 |[39m
     [90m 165 |[39m       [36mconst[39m result1 [33m=[39m [36mawait[39m evaluator[33m.[39mevaluate([policy][33m,[39m context1)[33m;[39m
    [31m[1m>[22m[39m[90m 166 |[39m       expect(result1[33m.[39mdecision)[33m.[39mtoBe([32m'ALLOW'[39m)[33m;[39m
     [90m     |[39m                                [31m[1m^[22m[39m
     [90m 167 |[39m
     [90m 168 |[39m       [90m// Test case 2: Only first condition matches[39m
     [90m 169 |[39m       [36mconst[39m context2[33m:[39m [33mEvaluationContext[39m [33m=[39m {[0m

      at Object.<anonymous> (domain/identity-access/abac/abac-integration.spec.ts:166:32)

  ● ABAC Integration Tests (T227) › Scenario: FIR Facility Scoping › should handle OR conditions

    expect(received).toBe(expected) // Object.is equality

    Expected: "ALLOW"
    Received: "NOT_APPLICABLE"

    [0m [90m 222 |[39m
     [90m 223 |[39m       [36mconst[39m result [33m=[39m [36mawait[39m evaluator[33m.[39mevaluate([policy][33m,[39m context)[33m;[39m
    [31m[1m>[22m[39m[90m 224 |[39m       expect(result[33m.[39mdecision)[33m.[39mtoBe([32m'ALLOW'[39m)[33m;[39m [90m// OR succeeds[39m
     [90m     |[39m                               [31m[1m^[22m[39m
     [90m 225 |[39m     })[33m;[39m
     [90m 226 |[39m
     [90m 227 |[39m     it([32m'should respect priority order (lower number = higher priority)'[39m[33m,[39m [36masync[39m () [33m=>[39m {[0m

      at Object.<anonymous> (domain/identity-access/abac/abac-integration.spec.ts:224:31)

  ● ABAC Integration Tests (T227) › Scenario: FIR Facility Scoping › should respect priority order (lower number = higher priority)

    expect(received).toBe(expected) // Object.is equality

    Expected: "DENY"
    Received: "NOT_APPLICABLE"

    [0m [90m 275 |[39m
     [90m 276 |[39m       [90m// Assert: DENY should win because it has higher priority[39m
    [31m[1m>[22m[39m[90m 277 |[39m       expect(result[33m.[39mdecision)[33m.[39mtoBe([32m'DENY'[39m)[33m;[39m
     [90m     |[39m                               [31m[1m^[22m[39m
     [90m 278 |[39m       expect(result[33m.[39mevaluatedPolicies[[35m0[39m][33m.[39mpolicyName)[33m.[39mtoBe([32m'Deny all FIR access'[39m)[33m;[39m
     [90m 279 |[39m     })[33m;[39m
     [90m 280 |[39m[0m

      at Object.<anonymous> (domain/identity-access/abac/abac-integration.spec.ts:277:31)

PASS src/domain/registry/entities/trasportatore.spec.ts
PASS src/domain/identity-access/temporary-permission-grant.entity.spec.ts
PASS src/application/fir/queries/get-fir-by-id.handler.spec.ts
PASS src/application/fir/use-cases/presa-in-carico-fir.use-case.spec.ts
PASS src/domain/registry/value-objects/indirizzo.spec.ts
PASS src/domain/registry/entities/destinatario.spec.ts
PASS src/application/signatures/digital-signature.service.spec.ts (21.089 s)
FAIL src/application/analytics/analytics.service.spec.ts (21.136 s)
  ● AnalyticsService › Waste Type Analytics › should calculate waste by destination type

    expect(received).toBe(expected) // Object.is equality

    Expected: 80
    Received: 0

    [0m [90m 138 |[39m       [36mconst[39m byDestination [33m=[39m [36mawait[39m service[33m.[39mgetWasteByDestination([32m'tenant-1'[39m)[33m;[39m
     [90m 139 |[39m
    [31m[1m>[22m[39m[90m 140 |[39m       expect(byDestination[33m.[39mrecovery[33m.[39mcount)[33m.[39mtoBe([35m80[39m)[33m;[39m
     [90m     |[39m                                            [31m[1m^[22m[39m
     [90m 141 |[39m       expect(byDestination[33m.[39mdisposal[33m.[39mcount)[33m.[39mtoBe([35m20[39m)[33m;[39m
     [90m 142 |[39m       expect(byDestination[33m.[39mrecyclingRate)[33m.[39mtoBe([35m0.8[39m)[33m;[39m [90m// 80%[39m
     [90m 143 |[39m     })[33m;[39m[0m

      at Object.<anonymous> (application/analytics/analytics.service.spec.ts:140:44)

PASS src/domain/registry/value-objects/partita-iva.spec.ts
PASS src/domain/fir/digital-signature.vo.spec.ts
PASS src/domain/fir/value-objects/quantita.spec.ts
PASS src/domain/auth/spid-attributes.vo.spec.ts
PASS src/domain/registry/entities/produttore.spec.ts
PASS src/application/fir/queries/list-firs.handler.spec.ts
PASS src/domain/fir/aggregates/fir.aggregate.spec.ts
PASS src/application/fir/use-cases/create-fir.use-case.spec.ts
PASS src/infrastructure/rentri/rentri-api.client.spec.ts
PASS src/infrastructure/queue/jobs/rentri-sync.job.spec.ts (21.374 s)
FAIL src/infrastructure/keycloak/keycloak-saml.strategy.spec.ts (21.63 s)
  ● KeycloakSamlStrategy (Integration) › SAML Profile Validation › should successfully validate complete SPID SAML profile

    Nest can't resolve dependencies of the KeycloakSamlStrategy (ConfigService, LoggerService, UserRepository, ?). Please make sure that the argument HandleSPIDCallbackUseCase at index [3] is available in the RootTestModule context.

    Potential solutions:
    - Is RootTestModule a valid NestJS module?
    - If HandleSPIDCallbackUseCase is a provider, is it part of the current RootTestModule?
    - If HandleSPIDCallbackUseCase is exported from a separate @Module, is that module imported within RootTestModule?
      @Module({
        imports: [ /* the Module containing HandleSPIDCallbackUseCase */ ]
      })

    [0m [90m 57 |[39m     }[33m;[39m
     [90m 58 |[39m
    [31m[1m>[22m[39m[90m 59 |[39m     [36mconst[39m module[33m:[39m [33mTestingModule[39m [33m=[39m [36mawait[39m [33mTest[39m[33m.[39mcreateTestingModule({
     [90m    |[39m                                   [31m[1m^[22m[39m
     [90m 60 |[39m       providers[33m:[39m [
     [90m 61 |[39m         [33mKeycloakSamlStrategy[39m[33m,[39m
     [90m 62 |[39m         { provide[33m:[39m [33mUserRepository[39m[33m,[39m useValue[33m:[39m mockUserRepository }[33m,[39m[0m

      at TestingInjector.lookupComponentInParentModules (../../../node_modules/@nestjs/core/injector/injector.js:262:19)
      at TestingInjector.resolveComponentInstance (../../../node_modules/@nestjs/core/injector/injector.js:215:33)
      at TestingInjector.resolveComponentInstance (../../../node_modules/@nestjs/testing/testing-injector.js:19:45)
      at resolveParam (../../../node_modules/@nestjs/core/injector/injector.js:129:38)
          at async Promise.all (index 3)
      at TestingInjector.resolveConstructorParams (../../../node_modules/@nestjs/core/injector/injector.js:144:27)
      at TestingInjector.loadInstance (../../../node_modules/@nestjs/core/injector/injector.js:70:13)
      at TestingInjector.loadProvider (../../../node_modules/@nestjs/core/injector/injector.js:98:9)
      at ../../../node_modules/@nestjs/core/injector/instance-loader.js:56:13
          at async Promise.all (index 3)
      at TestingInstanceLoader.createInstancesOfProviders (../../../node_modules/@nestjs/core/injector/instance-loader.js:55:9)
      at ../../../node_modules/@nestjs/core/injector/instance-loader.js:40:13
          at async Promise.all (index 1)
      at TestingInstanceLoader.createInstances (../../../node_modules/@nestjs/core/injector/instance-loader.js:39:9)
      at TestingInstanceLoader.createInstancesOfDependencies (../../../node_modules/@nestjs/core/injector/instance-loader.js:22:13)
      at TestingInstanceLoader.createInstancesOfDependencies (../../../node_modules/@nestjs/testing/testing-instance-loader.js:9:9)
      at TestingModuleBuilder.createInstancesOfDependencies (../../../node_modules/@nestjs/testing/testing-module.builder.js:118:9)
      at TestingModuleBuilder.compile (../../../node_modules/@nestjs/testing/testing-module.builder.js:74:9)
      at Object.<anonymous> (infrastructure/keycloak/keycloak-saml.strategy.spec.ts:59:35)

  ● KeycloakSamlStrategy (Integration) › SAML Profile Validation › should update existing user SPID attributes

    Nest can't resolve dependencies of the KeycloakSamlStrategy (ConfigService, LoggerService, UserRepository, ?). Please make sure that the argument HandleSPIDCallbackUseCase at index [3] is available in the RootTestModule context.

    Potential solutions:
    - Is RootTestModule a valid NestJS module?
    - If HandleSPIDCallbackUseCase is a provider, is it part of the current RootTestModule?
    - If HandleSPIDCallbackUseCase is exported from a separate @Module, is that module imported within RootTestModule?
      @Module({
        imports: [ /* the Module containing HandleSPIDCallbackUseCase */ ]
      })

    [0m [90m 57 |[39m     }[33m;[39m
     [90m 58 |[39m
    [31m[1m>[22m[39m[90m 59 |[39m     [36mconst[39m module[33m:[39m [33mTestingModule[39m [33m=[39m [36mawait[39m [33mTest[39m[33m.[39mcreateTestingModule({
     [90m    |[39m                                   [31m[1m^[22m[39m
     [90m 60 |[39m       providers[33m:[39m [
     [90m 61 |[39m         [33mKeycloakSamlStrategy[39m[33m,[39m
     [90m 62 |[39m         { provide[33m:[39m [33mUserRepository[39m[33m,[39m useValue[33m:[39m mockUserRepository }[33m,[39m[0m

      at TestingInjector.lookupComponentInParentModules (../../../node_modules/@nestjs/core/injector/injector.js:262:19)
      at TestingInjector.resolveComponentInstance (../../../node_modules/@nestjs/core/injector/injector.js:215:33)
      at TestingInjector.resolveComponentInstance (../../../node_modules/@nestjs/testing/testing-injector.js:19:45)
      at resolveParam (../../../node_modules/@nestjs/core/injector/injector.js:129:38)
          at async Promise.all (index 3)
      at TestingInjector.resolveConstructorParams (../../../node_modules/@nestjs/core/injector/injector.js:144:27)
      at TestingInjector.loadInstance (../../../node_modules/@nestjs/core/injector/injector.js:70:13)
      at TestingInjector.loadProvider (../../../node_modules/@nestjs/core/injector/injector.js:98:9)
      at ../../../node_modules/@nestjs/core/injector/instance-loader.js:56:13
          at async Promise.all (index 3)
      at TestingInstanceLoader.createInstancesOfProviders (../../../node_modules/@nestjs/core/injector/instance-loader.js:55:9)
      at ../../../node_modules/@nestjs/core/injector/instance-loader.js:40:13
          at async Promise.all (index 1)
      at TestingInstanceLoader.createInstances (../../../node_modules/@nestjs/core/injector/instance-loader.js:39:9)
      at TestingInstanceLoader.createInstancesOfDependencies (../../../node_modules/@nestjs/core/injector/instance-loader.js:22:13)
      at TestingInstanceLoader.createInstancesOfDependencies (../../../node_modules/@nestjs/testing/testing-instance-loader.js:9:9)
      at TestingModuleBuilder.createInstancesOfDependencies (../../../node_modules/@nestjs/testing/testing-module.builder.js:118:9)
      at TestingModuleBuilder.compile (../../../node_modules/@nestjs/testing/testing-module.builder.js:74:9)
      at Object.<anonymous> (infrastructure/keycloak/keycloak-saml.strategy.spec.ts:59:35)

  ● KeycloakSamlStrategy (Integration) › SAML Profile Validation › should fail with missing fiscal code

    Nest can't resolve dependencies of the KeycloakSamlStrategy (ConfigService, LoggerService, UserRepository, ?). Please make sure that the argument HandleSPIDCallbackUseCase at index [3] is available in the RootTestModule context.

    Potential solutions:
    - Is RootTestModule a valid NestJS module?
    - If HandleSPIDCallbackUseCase is a provider, is it part of the current RootTestModule?
    - If HandleSPIDCallbackUseCase is exported from a separate @Module, is that module imported within RootTestModule?
      @Module({
        imports: [ /* the Module containing HandleSPIDCallbackUseCase */ ]
      })

    [0m [90m 57 |[39m     }[33m;[39m
     [90m 58 |[39m
    [31m[1m>[22m[39m[90m 59 |[39m     [36mconst[39m module[33m:[39m [33mTestingModule[39m [33m=[39m [36mawait[39m [33mTest[39m[33m.[39mcreateTestingModule({
     [90m    |[39m                                   [31m[1m^[22m[39m
     [90m 60 |[39m       providers[33m:[39m [
     [90m 61 |[39m         [33mKeycloakSamlStrategy[39m[33m,[39m
     [90m 62 |[39m         { provide[33m:[39m [33mUserRepository[39m[33m,[39m useValue[33m:[39m mockUserRepository }[33m,[39m[0m

      at TestingInjector.lookupComponentInParentModules (../../../node_modules/@nestjs/core/injector/injector.js:262:19)
      at TestingInjector.resolveComponentInstance (../../../node_modules/@nestjs/core/injector/injector.js:215:33)
      at TestingInjector.resolveComponentInstance (../../../node_modules/@nestjs/testing/testing-injector.js:19:45)
      at resolveParam (../../../node_modules/@nestjs/core/injector/injector.js:129:38)
          at async Promise.all (index 3)
      at TestingInjector.resolveConstructorParams (../../../node_modules/@nestjs/core/injector/injector.js:144:27)
      at TestingInjector.loadInstance (../../../node_modules/@nestjs/core/injector/injector.js:70:13)
      at TestingInjector.loadProvider (../../../node_modules/@nestjs/core/injector/injector.js:98:9)
      at ../../../node_modules/@nestjs/core/injector/instance-loader.js:56:13
          at async Promise.all (index 3)
      at TestingInstanceLoader.createInstancesOfProviders (../../../node_modules/@nestjs/core/injector/instance-loader.js:55:9)
      at ../../../node_modules/@nestjs/core/injector/instance-loader.js:40:13
          at async Promise.all (index 1)
      at TestingInstanceLoader.createInstances (../../../node_modules/@nestjs/core/injector/instance-loader.js:39:9)
      at TestingInstanceLoader.createInstancesOfDependencies (../../../node_modules/@nestjs/core/injector/instance-loader.js:22:13)
      at TestingInstanceLoader.createInstancesOfDependencies (../../../node_modules/@nestjs/testing/testing-instance-loader.js:9:9)
      at TestingModuleBuilder.createInstancesOfDependencies (../../../node_modules/@nestjs/testing/testing-module.builder.js:118:9)
      at TestingModuleBuilder.compile (../../../node_modules/@nestjs/testing/testing-module.builder.js:74:9)
      at Object.<anonymous> (infrastructure/keycloak/keycloak-saml.strategy.spec.ts:59:35)

  ● KeycloakSamlStrategy (Integration) › SAML Profile Validation › should fail with invalid SPID level

    Nest can't resolve dependencies of the KeycloakSamlStrategy (ConfigService, LoggerService, UserRepository, ?). Please make sure that the argument HandleSPIDCallbackUseCase at index [3] is available in the RootTestModule context.

    Potential solutions:
    - Is RootTestModule a valid NestJS module?
    - If HandleSPIDCallbackUseCase is a provider, is it part of the current RootTestModule?
    - If HandleSPIDCallbackUseCase is exported from a separate @Module, is that module imported within RootTestModule?
      @Module({
        imports: [ /* the Module containing HandleSPIDCallbackUseCase */ ]
      })

    [0m [90m 57 |[39m     }[33m;[39m
     [90m 58 |[39m
    [31m[1m>[22m[39m[90m 59 |[39m     [36mconst[39m module[33m:[39m [33mTestingModule[39m [33m=[39m [36mawait[39m [33mTest[39m[33m.[39mcreateTestingModule({
     [90m    |[39m                                   [31m[1m^[22m[39m
     [90m 60 |[39m       providers[33m:[39m [
     [90m 61 |[39m         [33mKeycloakSamlStrategy[39m[33m,[39m
     [90m 62 |[39m         { provide[33m:[39m [33mUserRepository[39m[33m,[39m useValue[33m:[39m mockUserRepository }[33m,[39m[0m

      at TestingInjector.lookupComponentInParentModules (../../../node_modules/@nestjs/core/injector/injector.js:262:19)
      at TestingInjector.resolveComponentInstance (../../../node_modules/@nestjs/core/injector/injector.js:215:33)
      at TestingInjector.resolveComponentInstance (../../../node_modules/@nestjs/testing/testing-injector.js:19:45)
      at resolveParam (../../../node_modules/@nestjs/core/injector/injector.js:129:38)
          at async Promise.all (index 3)
      at TestingInjector.resolveConstructorParams (../../../node_modules/@nestjs/core/injector/injector.js:144:27)
      at TestingInjector.loadInstance (../../../node_modules/@nestjs/core/injector/injector.js:70:13)
      at TestingInjector.loadProvider (../../../node_modules/@nestjs/core/injector/injector.js:98:9)
      at ../../../node_modules/@nestjs/core/injector/instance-loader.js:56:13
          at async Promise.all (index 3)
      at TestingInstanceLoader.createInstancesOfProviders (../../../node_modules/@nestjs/core/injector/instance-loader.js:55:9)
      at ../../../node_modules/@nestjs/core/injector/instance-loader.js:40:13
          at async Promise.all (index 1)
      at TestingInstanceLoader.createInstances (../../../node_modules/@nestjs/core/injector/instance-loader.js:39:9)
      at TestingInstanceLoader.createInstancesOfDependencies (../../../node_modules/@nestjs/core/injector/instance-loader.js:22:13)
      at TestingInstanceLoader.createInstancesOfDependencies (../../../node_modules/@nestjs/testing/testing-instance-loader.js:9:9)
      at TestingModuleBuilder.createInstancesOfDependencies (../../../node_modules/@nestjs/testing/testing-module.builder.js:118:9)
      at TestingModuleBuilder.compile (../../../node_modules/@nestjs/testing/testing-module.builder.js:74:9)
      at Object.<anonymous> (infrastructure/keycloak/keycloak-saml.strategy.spec.ts:59:35)

  ● KeycloakSamlStrategy (Integration) › SAML Profile Validation › should fail with missing email

    Nest can't resolve dependencies of the KeycloakSamlStrategy (ConfigService, LoggerService, UserRepository, ?). Please make sure that the argument HandleSPIDCallbackUseCase at index [3] is available in the RootTestModule context.

    Potential solutions:
    - Is RootTestModule a valid NestJS module?
    - If HandleSPIDCallbackUseCase is a provider, is it part of the current RootTestModule?
    - If HandleSPIDCallbackUseCase is exported from a separate @Module, is that module imported within RootTestModule?
      @Module({
        imports: [ /* the Module containing HandleSPIDCallbackUseCase */ ]
      })

    [0m [90m 57 |[39m     }[33m;[39m
     [90m 58 |[39m
    [31m[1m>[22m[39m[90m 59 |[39m     [36mconst[39m module[33m:[39m [33mTestingModule[39m [33m=[39m [36mawait[39m [33mTest[39m[33m.[39mcreateTestingModule({
     [90m    |[39m                                   [31m[1m^[22m[39m
     [90m 60 |[39m       providers[33m:[39m [
     [90m 61 |[39m         [33mKeycloakSamlStrategy[39m[33m,[39m
     [90m 62 |[39m         { provide[33m:[39m [33mUserRepository[39m[33m,[39m useValue[33m:[39m mockUserRepository }[33m,[39m[0m

      at TestingInjector.lookupComponentInParentModules (../../../node_modules/@nestjs/core/injector/injector.js:262:19)
      at TestingInjector.resolveComponentInstance (../../../node_modules/@nestjs/core/injector/injector.js:215:33)
      at TestingInjector.resolveComponentInstance (../../../node_modules/@nestjs/testing/testing-injector.js:19:45)
      at resolveParam (../../../node_modules/@nestjs/core/injector/injector.js:129:38)
          at async Promise.all (index 3)
      at TestingInjector.resolveConstructorParams (../../../node_modules/@nestjs/core/injector/injector.js:144:27)
      at TestingInjector.loadInstance (../../../node_modules/@nestjs/core/injector/injector.js:70:13)
      at TestingInjector.loadProvider (../../../node_modules/@nestjs/core/injector/injector.js:98:9)
      at ../../../node_modules/@nestjs/core/injector/instance-loader.js:56:13
          at async Promise.all (index 3)
      at TestingInstanceLoader.createInstancesOfProviders (../../../node_modules/@nestjs/core/injector/instance-loader.js:55:9)
      at ../../../node_modules/@nestjs/core/injector/instance-loader.js:40:13
          at async Promise.all (index 1)
      at TestingInstanceLoader.createInstances (../../../node_modules/@nestjs/core/injector/instance-loader.js:39:9)
      at TestingInstanceLoader.createInstancesOfDependencies (../../../node_modules/@nestjs/core/injector/instance-loader.js:22:13)
      at TestingInstanceLoader.createInstancesOfDependencies (../../../node_modules/@nestjs/testing/testing-instance-loader.js:9:9)
      at TestingModuleBuilder.createInstancesOfDependencies (../../../node_modules/@nestjs/testing/testing-module.builder.js:118:9)
      at TestingModuleBuilder.compile (../../../node_modules/@nestjs/testing/testing-module.builder.js:74:9)
      at Object.<anonymous> (infrastructure/keycloak/keycloak-saml.strategy.spec.ts:59:35)

  ● KeycloakSamlStrategy (Integration) › CIE (Carta Identità Elettronica) Support › should accept CIE authentication

    Nest can't resolve dependencies of the KeycloakSamlStrategy (ConfigService, LoggerService, UserRepository, ?). Please make sure that the argument HandleSPIDCallbackUseCase at index [3] is available in the RootTestModule context.

    Potential solutions:
    - Is RootTestModule a valid NestJS module?
    - If HandleSPIDCallbackUseCase is a provider, is it part of the current RootTestModule?
    - If HandleSPIDCallbackUseCase is exported from a separate @Module, is that module imported within RootTestModule?
      @Module({
        imports: [ /* the Module containing HandleSPIDCallbackUseCase */ ]
      })

    [0m [90m 57 |[39m     }[33m;[39m
     [90m 58 |[39m
    [31m[1m>[22m[39m[90m 59 |[39m     [36mconst[39m module[33m:[39m [33mTestingModule[39m [33m=[39m [36mawait[39m [33mTest[39m[33m.[39mcreateTestingModule({
     [90m    |[39m                                   [31m[1m^[22m[39m
     [90m 60 |[39m       providers[33m:[39m [
     [90m 61 |[39m         [33mKeycloakSamlStrategy[39m[33m,[39m
     [90m 62 |[39m         { provide[33m:[39m [33mUserRepository[39m[33m,[39m useValue[33m:[39m mockUserRepository }[33m,[39m[0m

      at TestingInjector.lookupComponentInParentModules (../../../node_modules/@nestjs/core/injector/injector.js:262:19)
      at TestingInjector.resolveComponentInstance (../../../node_modules/@nestjs/core/injector/injector.js:215:33)
      at TestingInjector.resolveComponentInstance (../../../node_modules/@nestjs/testing/testing-injector.js:19:45)
      at resolveParam (../../../node_modules/@nestjs/core/injector/injector.js:129:38)
          at async Promise.all (index 3)
      at TestingInjector.resolveConstructorParams (../../../node_modules/@nestjs/core/injector/injector.js:144:27)
      at TestingInjector.loadInstance (../../../node_modules/@nestjs/core/injector/injector.js:70:13)
      at TestingInjector.loadProvider (../../../node_modules/@nestjs/core/injector/injector.js:98:9)
      at ../../../node_modules/@nestjs/core/injector/instance-loader.js:56:13
          at async Promise.all (index 3)
      at TestingInstanceLoader.createInstancesOfProviders (../../../node_modules/@nestjs/core/injector/instance-loader.js:55:9)
      at ../../../node_modules/@nestjs/core/injector/instance-loader.js:40:13
          at async Promise.all (index 1)
      at TestingInstanceLoader.createInstances (../../../node_modules/@nestjs/core/injector/instance-loader.js:39:9)
      at TestingInstanceLoader.createInstancesOfDependencies (../../../node_modules/@nestjs/core/injector/instance-loader.js:22:13)
      at TestingInstanceLoader.createInstancesOfDependencies (../../../node_modules/@nestjs/testing/testing-instance-loader.js:9:9)
      at TestingModuleBuilder.createInstancesOfDependencies (../../../node_modules/@nestjs/testing/testing-module.builder.js:118:9)
      at TestingModuleBuilder.compile (../../../node_modules/@nestjs/testing/testing-module.builder.js:74:9)
      at Object.<anonymous> (infrastructure/keycloak/keycloak-saml.strategy.spec.ts:59:35)

  ● KeycloakSamlStrategy (Integration) › Multiple Identity Provider Support › should accept multiple SPID providers

    Nest can't resolve dependencies of the KeycloakSamlStrategy (ConfigService, LoggerService, UserRepository, ?). Please make sure that the argument HandleSPIDCallbackUseCase at index [3] is available in the RootTestModule context.

    Potential solutions:
    - Is RootTestModule a valid NestJS module?
    - If HandleSPIDCallbackUseCase is a provider, is it part of the current RootTestModule?
    - If HandleSPIDCallbackUseCase is exported from a separate @Module, is that module imported within RootTestModule?
      @Module({
        imports: [ /* the Module containing HandleSPIDCallbackUseCase */ ]
      })

    [0m [90m 57 |[39m     }[33m;[39m
     [90m 58 |[39m
    [31m[1m>[22m[39m[90m 59 |[39m     [36mconst[39m module[33m:[39m [33mTestingModule[39m [33m=[39m [36mawait[39m [33mTest[39m[33m.[39mcreateTestingModule({
     [90m    |[39m                                   [31m[1m^[22m[39m
     [90m 60 |[39m       providers[33m:[39m [
     [90m 61 |[39m         [33mKeycloakSamlStrategy[39m[33m,[39m
     [90m 62 |[39m         { provide[33m:[39m [33mUserRepository[39m[33m,[39m useValue[33m:[39m mockUserRepository }[33m,[39m[0m

      at TestingInjector.lookupComponentInParentModules (../../../node_modules/@nestjs/core/injector/injector.js:262:19)
      at TestingInjector.resolveComponentInstance (../../../node_modules/@nestjs/core/injector/injector.js:215:33)
      at TestingInjector.resolveComponentInstance (../../../node_modules/@nestjs/testing/testing-injector.js:19:45)
      at resolveParam (../../../node_modules/@nestjs/core/injector/injector.js:129:38)
          at async Promise.all (index 3)
      at TestingInjector.resolveConstructorParams (../../../node_modules/@nestjs/core/injector/injector.js:144:27)
      at TestingInjector.loadInstance (../../../node_modules/@nestjs/core/injector/injector.js:70:13)
      at TestingInjector.loadProvider (../../../node_modules/@nestjs/core/injector/injector.js:98:9)
      at ../../../node_modules/@nestjs/core/injector/instance-loader.js:56:13
          at async Promise.all (index 3)
      at TestingInstanceLoader.createInstancesOfProviders (../../../node_modules/@nestjs/core/injector/instance-loader.js:55:9)
      at ../../../node_modules/@nestjs/core/injector/instance-loader.js:40:13
          at async Promise.all (index 1)
      at TestingInstanceLoader.createInstances (../../../node_modules/@nestjs/core/injector/instance-loader.js:39:9)
      at TestingInstanceLoader.createInstancesOfDependencies (../../../node_modules/@nestjs/core/injector/instance-loader.js:22:13)
      at TestingInstanceLoader.createInstancesOfDependencies (../../../node_modules/@nestjs/testing/testing-instance-loader.js:9:9)
      at TestingModuleBuilder.createInstancesOfDependencies (../../../node_modules/@nestjs/testing/testing-module.builder.js:118:9)
      at TestingModuleBuilder.compile (../../../node_modules/@nestjs/testing/testing-module.builder.js:74:9)
      at Object.<anonymous> (infrastructure/keycloak/keycloak-saml.strategy.spec.ts:59:35)

  ● KeycloakSamlStrategy (Integration) › Session Management › should include session ID and timestamp

    Nest can't resolve dependencies of the KeycloakSamlStrategy (ConfigService, LoggerService, UserRepository, ?). Please make sure that the argument HandleSPIDCallbackUseCase at index [3] is available in the RootTestModule context.

    Potential solutions:
    - Is RootTestModule a valid NestJS module?
    - If HandleSPIDCallbackUseCase is a provider, is it part of the current RootTestModule?
    - If HandleSPIDCallbackUseCase is exported from a separate @Module, is that module imported within RootTestModule?
      @Module({
        imports: [ /* the Module containing HandleSPIDCallbackUseCase */ ]
      })

    [0m [90m 57 |[39m     }[33m;[39m
     [90m 58 |[39m
    [31m[1m>[22m[39m[90m 59 |[39m     [36mconst[39m module[33m:[39m [33mTestingModule[39m [33m=[39m [36mawait[39m [33mTest[39m[33m.[39mcreateTestingModule({
     [90m    |[39m                                   [31m[1m^[22m[39m
     [90m 60 |[39m       providers[33m:[39m [
     [90m 61 |[39m         [33mKeycloakSamlStrategy[39m[33m,[39m
     [90m 62 |[39m         { provide[33m:[39m [33mUserRepository[39m[33m,[39m useValue[33m:[39m mockUserRepository }[33m,[39m[0m

      at TestingInjector.lookupComponentInParentModules (../../../node_modules/@nestjs/core/injector/injector.js:262:19)
      at TestingInjector.resolveComponentInstance (../../../node_modules/@nestjs/core/injector/injector.js:215:33)
      at TestingInjector.resolveComponentInstance (../../../node_modules/@nestjs/testing/testing-injector.js:19:45)
      at resolveParam (../../../node_modules/@nestjs/core/injector/injector.js:129:38)
          at async Promise.all (index 3)
      at TestingInjector.resolveConstructorParams (../../../node_modules/@nestjs/core/injector/injector.js:144:27)
      at TestingInjector.loadInstance (../../../node_modules/@nestjs/core/injector/injector.js:70:13)
      at TestingInjector.loadProvider (../../../node_modules/@nestjs/core/injector/injector.js:98:9)
      at ../../../node_modules/@nestjs/core/injector/instance-loader.js:56:13
          at async Promise.all (index 3)
      at TestingInstanceLoader.createInstancesOfProviders (../../../node_modules/@nestjs/core/injector/instance-loader.js:55:9)
      at ../../../node_modules/@nestjs/core/injector/instance-loader.js:40:13
          at async Promise.all (index 1)
      at TestingInstanceLoader.createInstances (../../../node_modules/@nestjs/core/injector/instance-loader.js:39:9)
      at TestingInstanceLoader.createInstancesOfDependencies (../../../node_modules/@nestjs/core/injector/instance-loader.js:22:13)
      at TestingInstanceLoader.createInstancesOfDependencies (../../../node_modules/@nestjs/testing/testing-instance-loader.js:9:9)
      at TestingModuleBuilder.createInstancesOfDependencies (../../../node_modules/@nestjs/testing/testing-module.builder.js:118:9)
      at TestingModuleBuilder.compile (../../../node_modules/@nestjs/testing/testing-module.builder.js:74:9)
      at Object.<anonymous> (infrastructure/keycloak/keycloak-saml.strategy.spec.ts:59:35)

  ● KeycloakSamlStrategy (Integration) › Error Handling › should handle repository errors gracefully

    Nest can't resolve dependencies of the KeycloakSamlStrategy (ConfigService, LoggerService, UserRepository, ?). Please make sure that the argument HandleSPIDCallbackUseCase at index [3] is available in the RootTestModule context.

    Potential solutions:
    - Is RootTestModule a valid NestJS module?
    - If HandleSPIDCallbackUseCase is a provider, is it part of the current RootTestModule?
    - If HandleSPIDCallbackUseCase is exported from a separate @Module, is that module imported within RootTestModule?
      @Module({
        imports: [ /* the Module containing HandleSPIDCallbackUseCase */ ]
      })

    [0m [90m 57 |[39m     }[33m;[39m
     [90m 58 |[39m
    [31m[1m>[22m[39m[90m 59 |[39m     [36mconst[39m module[33m:[39m [33mTestingModule[39m [33m=[39m [36mawait[39m [33mTest[39m[33m.[39mcreateTestingModule({
     [90m    |[39m                                   [31m[1m^[22m[39m
     [90m 60 |[39m       providers[33m:[39m [
     [90m 61 |[39m         [33mKeycloakSamlStrategy[39m[33m,[39m
     [90m 62 |[39m         { provide[33m:[39m [33mUserRepository[39m[33m,[39m useValue[33m:[39m mockUserRepository }[33m,[39m[0m

      at TestingInjector.lookupComponentInParentModules (../../../node_modules/@nestjs/core/injector/injector.js:262:19)
      at TestingInjector.resolveComponentInstance (../../../node_modules/@nestjs/core/injector/injector.js:215:33)
      at TestingInjector.resolveComponentInstance (../../../node_modules/@nestjs/testing/testing-injector.js:19:45)
      at resolveParam (../../../node_modules/@nestjs/core/injector/injector.js:129:38)
          at async Promise.all (index 3)
      at TestingInjector.resolveConstructorParams (../../../node_modules/@nestjs/core/injector/injector.js:144:27)
      at TestingInjector.loadInstance (../../../node_modules/@nestjs/core/injector/injector.js:70:13)
      at TestingInjector.loadProvider (../../../node_modules/@nestjs/core/injector/injector.js:98:9)
      at ../../../node_modules/@nestjs/core/injector/instance-loader.js:56:13
          at async Promise.all (index 3)
      at TestingInstanceLoader.createInstancesOfProviders (../../../node_modules/@nestjs/core/injector/instance-loader.js:55:9)
      at ../../../node_modules/@nestjs/core/injector/instance-loader.js:40:13
          at async Promise.all (index 1)
      at TestingInstanceLoader.createInstances (../../../node_modules/@nestjs/core/injector/instance-loader.js:39:9)
      at TestingInstanceLoader.createInstancesOfDependencies (../../../node_modules/@nestjs/core/injector/instance-loader.js:22:13)
      at TestingInstanceLoader.createInstancesOfDependencies (../../../node_modules/@nestjs/testing/testing-instance-loader.js:9:9)
      at TestingModuleBuilder.createInstancesOfDependencies (../../../node_modules/@nestjs/testing/testing-module.builder.js:118:9)
      at TestingModuleBuilder.compile (../../../node_modules/@nestjs/testing/testing-module.builder.js:74:9)
      at Object.<anonymous> (infrastructure/keycloak/keycloak-saml.strategy.spec.ts:59:35)

  ● KeycloakSamlStrategy (Integration) › Error Handling › should log authentication attempts

    Nest can't resolve dependencies of the KeycloakSamlStrategy (ConfigService, LoggerService, UserRepository, ?). Please make sure that the argument HandleSPIDCallbackUseCase at index [3] is available in the RootTestModule context.

    Potential solutions:
    - Is RootTestModule a valid NestJS module?
    - If HandleSPIDCallbackUseCase is a provider, is it part of the current RootTestModule?
    - If HandleSPIDCallbackUseCase is exported from a separate @Module, is that module imported within RootTestModule?
      @Module({
        imports: [ /* the Module containing HandleSPIDCallbackUseCase */ ]
      })

    [0m [90m 57 |[39m     }[33m;[39m
     [90m 58 |[39m
    [31m[1m>[22m[39m[90m 59 |[39m     [36mconst[39m module[33m:[39m [33mTestingModule[39m [33m=[39m [36mawait[39m [33mTest[39m[33m.[39mcreateTestingModule({
     [90m    |[39m                                   [31m[1m^[22m[39m
     [90m 60 |[39m       providers[33m:[39m [
     [90m 61 |[39m         [33mKeycloakSamlStrategy[39m[33m,[39m
     [90m 62 |[39m         { provide[33m:[39m [33mUserRepository[39m[33m,[39m useValue[33m:[39m mockUserRepository }[33m,[39m[0m

      at TestingInjector.lookupComponentInParentModules (../../../node_modules/@nestjs/core/injector/injector.js:262:19)
      at TestingInjector.resolveComponentInstance (../../../node_modules/@nestjs/core/injector/injector.js:215:33)
      at TestingInjector.resolveComponentInstance (../../../node_modules/@nestjs/testing/testing-injector.js:19:45)
      at resolveParam (../../../node_modules/@nestjs/core/injector/injector.js:129:38)
          at async Promise.all (index 3)
      at TestingInjector.resolveConstructorParams (../../../node_modules/@nestjs/core/injector/injector.js:144:27)
      at TestingInjector.loadInstance (../../../node_modules/@nestjs/core/injector/injector.js:70:13)
      at TestingInjector.loadProvider (../../../node_modules/@nestjs/core/injector/injector.js:98:9)
      at ../../../node_modules/@nestjs/core/injector/instance-loader.js:56:13
          at async Promise.all (index 3)
      at TestingInstanceLoader.createInstancesOfProviders (../../../node_modules/@nestjs/core/injector/instance-loader.js:55:9)
      at ../../../node_modules/@nestjs/core/injector/instance-loader.js:40:13
          at async Promise.all (index 1)
      at TestingInstanceLoader.createInstances (../../../node_modules/@nestjs/core/injector/instance-loader.js:39:9)
      at TestingInstanceLoader.createInstancesOfDependencies (../../../node_modules/@nestjs/core/injector/instance-loader.js:22:13)
      at TestingInstanceLoader.createInstancesOfDependencies (../../../node_modules/@nestjs/testing/testing-instance-loader.js:9:9)
      at TestingModuleBuilder.createInstancesOfDependencies (../../../node_modules/@nestjs/testing/testing-module.builder.js:118:9)
      at TestingModuleBuilder.compile (../../../node_modules/@nestjs/testing/testing-module.builder.js:74:9)
      at Object.<anonymous> (infrastructure/keycloak/keycloak-saml.strategy.spec.ts:59:35)

  ● KeycloakSamlStrategy (Integration) › Attribute Mapping › should map SPID attributes correctly

    Nest can't resolve dependencies of the KeycloakSamlStrategy (ConfigService, LoggerService, UserRepository, ?). Please make sure that the argument HandleSPIDCallbackUseCase at index [3] is available in the RootTestModule context.

    Potential solutions:
    - Is RootTestModule a valid NestJS module?
    - If HandleSPIDCallbackUseCase is a provider, is it part of the current RootTestModule?
    - If HandleSPIDCallbackUseCase is exported from a separate @Module, is that module imported within RootTestModule?
      @Module({
        imports: [ /* the Module containing HandleSPIDCallbackUseCase */ ]
      })

    [0m [90m 57 |[39m     }[33m;[39m
     [90m 58 |[39m
    [31m[1m>[22m[39m[90m 59 |[39m     [36mconst[39m module[33m:[39m [33mTestingModule[39m [33m=[39m [36mawait[39m [33mTest[39m[33m.[39mcreateTestingModule({
     [90m    |[39m                                   [31m[1m^[22m[39m
     [90m 60 |[39m       providers[33m:[39m [
     [90m 61 |[39m         [33mKeycloakSamlStrategy[39m[33m,[39m
     [90m 62 |[39m         { provide[33m:[39m [33mUserRepository[39m[33m,[39m useValue[33m:[39m mockUserRepository }[33m,[39m[0m

      at TestingInjector.lookupComponentInParentModules (../../../node_modules/@nestjs/core/injector/injector.js:262:19)
      at TestingInjector.resolveComponentInstance (../../../node_modules/@nestjs/core/injector/injector.js:215:33)
      at TestingInjector.resolveComponentInstance (../../../node_modules/@nestjs/testing/testing-injector.js:19:45)
      at resolveParam (../../../node_modules/@nestjs/core/injector/injector.js:129:38)
          at async Promise.all (index 3)
      at TestingInjector.resolveConstructorParams (../../../node_modules/@nestjs/core/injector/injector.js:144:27)
      at TestingInjector.loadInstance (../../../node_modules/@nestjs/core/injector/injector.js:70:13)
      at TestingInjector.loadProvider (../../../node_modules/@nestjs/core/injector/injector.js:98:9)
      at ../../../node_modules/@nestjs/core/injector/instance-loader.js:56:13
          at async Promise.all (index 3)
      at TestingInstanceLoader.createInstancesOfProviders (../../../node_modules/@nestjs/core/injector/instance-loader.js:55:9)
      at ../../../node_modules/@nestjs/core/injector/instance-loader.js:40:13
          at async Promise.all (index 1)
      at TestingInstanceLoader.createInstances (../../../node_modules/@nestjs/core/injector/instance-loader.js:39:9)
      at TestingInstanceLoader.createInstancesOfDependencies (../../../node_modules/@nestjs/core/injector/instance-loader.js:22:13)
      at TestingInstanceLoader.createInstancesOfDependencies (../../../node_modules/@nestjs/testing/testing-instance-loader.js:9:9)
      at TestingModuleBuilder.createInstancesOfDependencies (../../../node_modules/@nestjs/testing/testing-module.builder.js:118:9)
      at TestingModuleBuilder.compile (../../../node_modules/@nestjs/testing/testing-module.builder.js:74:9)
      at Object.<anonymous> (infrastructure/keycloak/keycloak-saml.strategy.spec.ts:59:35)

PASS src/auth/controllers/auth.controller.spec.ts (22.889 s)
PASS src/api/fir/fir.controller.spec.ts (22.97 s)
FAIL src/domain/auth/entities/user.entity.spec.ts
  ● Test suite failed to run

    [96msrc/domain/auth/entities/user.entity.spec.ts[0m:[93m99[0m:[93m5[0m - [91merror[0m[90m TS1005: [0m',' expected.

    [7m99[0m     })
    [7m  [0m [91m    ~[0m

FAIL src/api/cer/cer.controller.spec.ts
  ● Test suite failed to run

    [96msrc/api/cer/cer.controller.spec.ts[0m:[93m53[0m:[93m7[0m - [91merror[0m[90m TS2554: [0mExpected 1 arguments, but got 4.

    [7m53[0m       expect(result[0].code).toBe('13 02 05*')
    [7m  [0m [91m      ~~~~~~~~~~~~~~~~~~~~~~~~~~~~~~~~~~~~~~~~[0m
    [7m54[0m       expect(result[0].description).toContain('oli minerali')
    [7m  [0m [91m~~~~~~~~~~~~~~~~~~~~~~~~~~~~~~~~~~~~~~~~~~~~~~~~~~~~~~~~~~~~~[0m
    [7m55[0m       expect(service.search).toHaveBeenCalledWith('olio', {})
    [7m  [0m [91m~~~~~~~~~~~~~~~~~~~~~~~~~~~~~~~~~~~~~~~~~~~~~~~~~~~~~~~~~~~~~[0m
    [96msrc/api/cer/cer.controller.spec.ts[0m:[93m71[0m:[93m7[0m - [91merror[0m[90m TS2554: [0mExpected 1 arguments, but got 2.

    [7m71[0m       expect(service.search).toHaveBeenCalledWith('olio', { pericoloso: true })
    [7m  [0m [91m      ~~~~~~~~~~~~~~~~~~~~~~~~~~~~~~~~~~~~~~~~~~~~~~~~~~~~~~~~~~~~~~~~~~~~~~~~~[0m
    [96msrc/api/cer/cer.controller.spec.ts[0m:[93m53[0m:[93m7[0m - [91merror[0m[90m TS1005: [0m',' expected.

    [7m53[0m       expect(result[0].code).toBe('13 02 05*')
    [7m  [0m [91m      ~~~~~~[0m
    [96msrc/api/cer/cer.controller.spec.ts[0m:[93m54[0m:[93m7[0m - [91merror[0m[90m TS1005: [0m',' expected.

    [7m54[0m       expect(result[0].description).toContain('oli minerali')
    [7m  [0m [91m      ~~~~~~[0m
    [96msrc/api/cer/cer.controller.spec.ts[0m:[93m55[0m:[93m7[0m - [91merror[0m[90m TS1005: [0m',' expected.

    [7m55[0m       expect(service.search).toHaveBeenCalledWith('olio', {})
    [7m  [0m [91m      ~~~~~~[0m
    [96msrc/api/cer/cer.controller.spec.ts[0m:[93m56[0m:[93m5[0m - [91merror[0m[90m TS1005: [0m',' expected.

    [7m56[0m     })
    [7m  [0m [91m    ~[0m
    [96msrc/api/cer/cer.controller.spec.ts[0m:[93m71[0m:[93m7[0m - [91merror[0m[90m TS1005: [0m',' expected.

    [7m71[0m       expect(service.search).toHaveBeenCalledWith('olio', { pericoloso: true })
    [7m  [0m [91m      ~~~~~~[0m
    [96msrc/api/cer/cer.controller.spec.ts[0m:[93m72[0m:[93m5[0m - [91merror[0m[90m TS1005: [0m',' expected.

    [7m72[0m     })
    [7m  [0m [91m    ~[0m
    [96msrc/api/cer/cer.controller.spec.ts[0m:[93m95[0m:[93m5[0m - [91merror[0m[90m TS1005: [0m',' expected.

    [7m95[0m     })
    [7m  [0m [91m    ~[0m

FAIL src/application/services/task-assignment.service.spec.ts
  ● Test suite failed to run

    [96msrc/application/services/task-assignment.service.spec.ts[0m:[93m796[0m:[93m14[0m - [91merror[0m[90m TS18048: [0m'reassignment.auditTrail' is possibly 'undefined'.

    [7m796[0m       expect(reassignment.auditTrail.action).toBe('reassign');
    [7m   [0m [91m             ~~~~~~~~~~~~~~~~~~~~~~~[0m
    [96msrc/application/services/task-assignment.service.spec.ts[0m:[93m797[0m:[93m14[0m - [91merror[0m[90m TS18048: [0m'reassignment.auditTrail' is possibly 'undefined'.

    [7m797[0m       expect(reassignment.auditTrail.performedBy).toBe(mockFleetManagerId);
    [7m   [0m [91m             ~~~~~~~~~~~~~~~~~~~~~~~[0m
    [96msrc/application/services/task-assignment.service.spec.ts[0m:[93m798[0m:[93m14[0m - [91merror[0m[90m TS18048: [0m'reassignment.auditTrail' is possibly 'undefined'.

    [7m798[0m       expect(reassignment.auditTrail.reason).toBe('Emergency reassignment');
    [7m   [0m [91m             ~~~~~~~~~~~~~~~~~~~~~~~[0m

Summary of all failing tests
FAIL domain/fir/rentri-sync-status.vo.spec.ts (16.871 s)
  ● RENTRISyncStatus › Construction › should create status with default values

    expect(received).toBe(expected) // Object.is equality

    Expected: true
    Received: false

    [0m [90m 13 |[39m       expect(status[33m.[39mgetStatus())[33m.[39mtoBe([32m'PENDING'[39m)[33m;[39m
     [90m 14 |[39m       expect(status[33m.[39mgetAttempts())[33m.[39mtoBe([35m0[39m)[33m;[39m
    [31m[1m>[22m[39m[90m 15 |[39m       expect(status[33m.[39mcanRetry())[33m.[39mtoBe([36mtrue[39m)[33m;[39m
     [90m    |[39m                                 [31m[1m^[22m[39m
     [90m 16 |[39m     })[33m;[39m
     [90m 17 |[39m
     [90m 18 |[39m     it([32m'should create syncing status'[39m[33m,[39m () [33m=>[39m {[0m

      at Object.<anonymous> (domain/fir/rentri-sync-status.vo.spec.ts:15:33)

FAIL domain/fir/events/fir-synced-to-rentri.event.spec.ts (16.916 s)
  ● RENTRI Sync Domain Events › FIRSyncedToRENTRIEvent › should have immutable properties

    expect(received).toBe(expected) // Object.is equality

    Expected: "FIRSyncedToRENTRI"
    Received: "Modified"

    [0m [90m 49 |[39m
     [90m 50 |[39m       [90m// Verify original value unchanged in readonly context[39m
    [31m[1m>[22m[39m[90m 51 |[39m       expect(event[33m.[39meventType)[33m.[39mtoBe([32m'FIRSyncedToRENTRI'[39m)[33m;[39m
     [90m    |[39m                               [31m[1m^[22m[39m
     [90m 52 |[39m     })[33m;[39m
     [90m 53 |[39m
     [90m 54 |[39m     it([32m'should include syncedAt timestamp in payload'[39m[33m,[39m () [33m=>[39m {[0m

      at Object.<anonymous> (domain/fir/events/fir-synced-to-rentri.event.spec.ts:51:31)

FAIL domain/fir/fir.aggregate.spec.ts (17.038 s)
  ● FIR Aggregate - Digital Signatures › applySignature() Business Rules › should complete workflow with receiver signature

    DomainException: Invalid Italian fiscal code for signer: PRODUCER123

    [0m [90m 57 |[39m [90m   */[39m
     [90m 58 |[39m   [36mstatic[39m validationFailed(code[33m:[39m string[33m,[39m message[33m:[39m string[33m,[39m metadata[33m?[39m[33m:[39m [33mRecord[39m[33m<[39m[33mstring[39m[33m,[39m any[33m>[39m)[33m:[39m [33mDomainException[39m {
    [31m[1m>[22m[39m[90m 59 |[39m     [36mreturn[39m [36mnew[39m [33mDomainException[39m(message[33m,[39m code[33m,[39m metadata)[33m;[39m
     [90m    |[39m            [31m[1m^[22m[39m
     [90m 60 |[39m   }
     [90m 61 |[39m }
     [90m 62 |[39m[0m

      at Function.validationFailed (domain/shared/domain-exception.ts:59:12)
      at Function.create (domain/fir/digital-signature.vo.ts:80:29)
      at Object.<anonymous> (domain/fir/fir.aggregate.spec.ts:106:26)

  ● FIR Aggregate - Digital Signatures › applySignature() Business Rules › should reject carrier signature before producer

    DomainException: Invalid Italian fiscal code for signer: CARRIER456

    [0m [90m 57 |[39m [90m   */[39m
     [90m 58 |[39m   [36mstatic[39m validationFailed(code[33m:[39m string[33m,[39m message[33m:[39m string[33m,[39m metadata[33m?[39m[33m:[39m [33mRecord[39m[33m<[39m[33mstring[39m[33m,[39m any[33m>[39m)[33m:[39m [33mDomainException[39m {
    [31m[1m>[22m[39m[90m 59 |[39m     [36mreturn[39m [36mnew[39m [33mDomainException[39m(message[33m,[39m code[33m,[39m metadata)[33m;[39m
     [90m    |[39m            [31m[1m^[22m[39m
     [90m 60 |[39m   }
     [90m 61 |[39m }
     [90m 62 |[39m[0m

      at Function.validationFailed (domain/shared/domain-exception.ts:59:12)
      at Function.create (domain/fir/digital-signature.vo.ts:80:29)
      at Object.<anonymous> (domain/fir/fir.aggregate.spec.ts:166:43)

  ● FIR Aggregate - Digital Signatures › applySignature() Business Rules › should reject receiver signature before carrier

    DomainException: Invalid Italian fiscal code for signer: PRODUCER123

    [0m [90m 57 |[39m [90m   */[39m
     [90m 58 |[39m   [36mstatic[39m validationFailed(code[33m:[39m string[33m,[39m message[33m:[39m string[33m,[39m metadata[33m?[39m[33m:[39m [33mRecord[39m[33m<[39m[33mstring[39m[33m,[39m any[33m>[39m)[33m:[39m [33mDomainException[39m {
    [31m[1m>[22m[39m[90m 59 |[39m     [36mreturn[39m [36mnew[39m [33mDomainException[39m(message[33m,[39m code[33m,[39m metadata)[33m;[39m
     [90m    |[39m            [31m[1m^[22m[39m
     [90m 60 |[39m   }
     [90m 61 |[39m }
     [90m 62 |[39m[0m

      at Function.validationFailed (domain/shared/domain-exception.ts:59:12)
      at Function.create (domain/fir/digital-signature.vo.ts:80:29)
      at Object.<anonymous> (domain/fir/fir.aggregate.spec.ts:198:26)

  ● FIR Aggregate - Digital Signatures › applySignature() Business Rules › should reject duplicate signature from same role

    DomainException: Invalid Italian fiscal code for signer: PRODUCER123

    [0m [90m 57 |[39m [90m   */[39m
     [90m 58 |[39m   [36mstatic[39m validationFailed(code[33m:[39m string[33m,[39m message[33m:[39m string[33m,[39m metadata[33m?[39m[33m:[39m [33mRecord[39m[33m<[39m[33mstring[39m[33m,[39m any[33m>[39m)[33m:[39m [33mDomainException[39m {
    [31m[1m>[22m[39m[90m 59 |[39m     [36mreturn[39m [36mnew[39m [33mDomainException[39m(message[33m,[39m code[33m,[39m metadata)[33m;[39m
     [90m    |[39m            [31m[1m^[22m[39m
     [90m 60 |[39m   }
     [90m 61 |[39m }
     [90m 62 |[39m[0m

      at Function.validationFailed (domain/shared/domain-exception.ts:59:12)
      at Function.create (domain/fir/digital-signature.vo.ts:80:29)
      at Object.<anonymous> (domain/fir/fir.aggregate.spec.ts:245:26)

  ● FIR Aggregate - Digital Signatures › applySignature() Business Rules › should reject signature when FIR is immutable

    DomainException: Invalid Italian fiscal code for signer: P1

    [0m [90m 57 |[39m [90m   */[39m
     [90m 58 |[39m   [36mstatic[39m validationFailed(code[33m:[39m string[33m,[39m message[33m:[39m string[33m,[39m metadata[33m?[39m[33m:[39m [33mRecord[39m[33m<[39m[33mstring[39m[33m,[39m any[33m>[39m)[33m:[39m [33mDomainException[39m {
    [31m[1m>[22m[39m[90m 59 |[39m     [36mreturn[39m [36mnew[39m [33mDomainException[39m(message[33m,[39m code[33m,[39m metadata)[33m;[39m
     [90m    |[39m            [31m[1m^[22m[39m
     [90m 60 |[39m   }
     [90m 61 |[39m }
     [90m 62 |[39m[0m

      at Function.validationFailed (domain/shared/domain-exception.ts:59:12)
      at Function.create (domain/fir/digital-signature.vo.ts:80:29)
      at Object.<anonymous> (domain/fir/fir.aggregate.spec.ts:337:26)

  ● FIR Aggregate - Digital Signatures › isImmutable() Method › should return false for FIR with partial signatures

    DomainException: Invalid Italian fiscal code for signer: P1

    [0m [90m 57 |[39m [90m   */[39m
     [90m 58 |[39m   [36mstatic[39m validationFailed(code[33m:[39m string[33m,[39m message[33m:[39m string[33m,[39m metadata[33m?[39m[33m:[39m [33mRecord[39m[33m<[39m[33mstring[39m[33m,[39m any[33m>[39m)[33m:[39m [33mDomainException[39m {
    [31m[1m>[22m[39m[90m 59 |[39m     [36mreturn[39m [36mnew[39m [33mDomainException[39m(message[33m,[39m code[33m,[39m metadata)[33m;[39m
     [90m    |[39m            [31m[1m^[22m[39m
     [90m 60 |[39m   }
     [90m 61 |[39m }
     [90m 62 |[39m[0m

      at Function.validationFailed (domain/shared/domain-exception.ts:59:12)
      at Function.create (domain/fir/digital-signature.vo.ts:80:29)
      at Object.<anonymous> (domain/fir/fir.aggregate.spec.ts:431:26)

  ● FIR Aggregate - Digital Signatures › isImmutable() Method › should return true for FIR with all signatures

    DomainException: Invalid Italian fiscal code for signer: P

    [0m [90m 57 |[39m [90m   */[39m
     [90m 58 |[39m   [36mstatic[39m validationFailed(code[33m:[39m string[33m,[39m message[33m:[39m string[33m,[39m metadata[33m?[39m[33m:[39m [33mRecord[39m[33m<[39m[33mstring[39m[33m,[39m any[33m>[39m)[33m:[39m [33mDomainException[39m {
    [31m[1m>[22m[39m[90m 59 |[39m     [36mreturn[39m [36mnew[39m [33mDomainException[39m(message[33m,[39m code[33m,[39m metadata)[33m;[39m
     [90m    |[39m            [31m[1m^[22m[39m
     [90m 60 |[39m   }
     [90m 61 |[39m }
     [90m 62 |[39m[0m

      at Function.validationFailed (domain/shared/domain-exception.ts:59:12)
      at Function.create (domain/fir/digital-signature.vo.ts:80:29)
      at Object.<anonymous> (domain/fir/fir.aggregate.spec.ts:461:26)

FAIL auth/services/jwt-tokens.service.spec.ts (20.346 s)
  ● JwtTokensService › generateAccessToken › should generate access token with user payload

    expect(jest.fn()).toHaveBeenCalledWith(...expected)

    - Expected
    + Received

      Object {
        "email": "mario.rossi@example.com",
    -   "fiscalNumber": "RSSMRA80A01H501Z",
    +   "fiscalCode": undefined,
        "role": "ADMIN",
        "sub": "user-123",
        "tenantId": "tenant-123",
        "type": "access",
      },
      {"expiresIn": "15m"},

    Number of calls: 1

    [0m [90m 48 |[39m
     [90m 49 |[39m       expect(token)[33m.[39mtoBe([32m'mock-access-token'[39m)
    [31m[1m>[22m[39m[90m 50 |[39m       expect(jwtService[33m.[39msign)[33m.[39mtoHaveBeenCalledWith(
     [90m    |[39m                               [31m[1m^[22m[39m
     [90m 51 |[39m         {
     [90m 52 |[39m           sub[33m:[39m [32m'user-123'[39m[33m,[39m
     [90m 53 |[39m           email[33m:[39m [32m'mario.rossi@example.com'[39m[33m,[39m[0m

      at Object.<anonymous> (auth/services/jwt-tokens.service.spec.ts:50:31)

FAIL domain/identity-access/abac/abac-integration.spec.ts (20.92 s)
  ● ABAC Integration Tests (T227) › Scenario: FIR Facility Scoping › should ALLOW access when user facility matches FIR producer facility

    expect(received).toBe(expected) // Object.is equality

    Expected: "ALLOW"
    Received: "NOT_APPLICABLE"

    [0m [90m 118 |[39m
     [90m 119 |[39m       [90m// Assert: Should ALLOW because facilities match[39m
    [31m[1m>[22m[39m[90m 120 |[39m       expect(result[33m.[39mdecision)[33m.[39mtoBe([32m'ALLOW'[39m)[33m;[39m
     [90m     |[39m                               [31m[1m^[22m[39m
     [90m 121 |[39m       expect(result[33m.[39mevaluatedPolicies[[35m0[39m][33m.[39mmatched)[33m.[39mtoBe([36mtrue[39m)[33m;[39m
     [90m 122 |[39m       expect(result[33m.[39mtotalEvaluationTimeMs)[33m.[39mtoBeLessThan([35m5[39m)[33m;[39m
     [90m 123 |[39m     })[33m;[39m[0m

      at Object.<anonymous> (domain/identity-access/abac/abac-integration.spec.ts:120:31)

  ● ABAC Integration Tests (T227) › Scenario: FIR Facility Scoping › should handle complex conditions with multiple rules (AND)

    expect(received).toBe(expected) // Object.is equality

    Expected: "ALLOW"
    Received: "NOT_APPLICABLE"

    [0m [90m 164 |[39m
     [90m 165 |[39m       [36mconst[39m result1 [33m=[39m [36mawait[39m evaluator[33m.[39mevaluate([policy][33m,[39m context1)[33m;[39m
    [31m[1m>[22m[39m[90m 166 |[39m       expect(result1[33m.[39mdecision)[33m.[39mtoBe([32m'ALLOW'[39m)[33m;[39m
     [90m     |[39m                                [31m[1m^[22m[39m
     [90m 167 |[39m
     [90m 168 |[39m       [90m// Test case 2: Only first condition matches[39m
     [90m 169 |[39m       [36mconst[39m context2[33m:[39m [33mEvaluationContext[39m [33m=[39m {[0m

      at Object.<anonymous> (domain/identity-access/abac/abac-integration.spec.ts:166:32)

  ● ABAC Integration Tests (T227) › Scenario: FIR Facility Scoping › should handle OR conditions

    expect(received).toBe(expected) // Object.is equality

    Expected: "ALLOW"
    Received: "NOT_APPLICABLE"

    [0m [90m 222 |[39m
     [90m 223 |[39m       [36mconst[39m result [33m=[39m [36mawait[39m evaluator[33m.[39mevaluate([policy][33m,[39m context)[33m;[39m
    [31m[1m>[22m[39m[90m 224 |[39m       expect(result[33m.[39mdecision)[33m.[39mtoBe([32m'ALLOW'[39m)[33m;[39m [90m// OR succeeds[39m
     [90m     |[39m                               [31m[1m^[22m[39m
     [90m 225 |[39m     })[33m;[39m
     [90m 226 |[39m
     [90m 227 |[39m     it([32m'should respect priority order (lower number = higher priority)'[39m[33m,[39m [36masync[39m () [33m=>[39m {[0m

      at Object.<anonymous> (domain/identity-access/abac/abac-integration.spec.ts:224:31)

  ● ABAC Integration Tests (T227) › Scenario: FIR Facility Scoping › should respect priority order (lower number = higher priority)

    expect(received).toBe(expected) // Object.is equality

    Expected: "DENY"
    Received: "NOT_APPLICABLE"

    [0m [90m 275 |[39m
     [90m 276 |[39m       [90m// Assert: DENY should win because it has higher priority[39m
    [31m[1m>[22m[39m[90m 277 |[39m       expect(result[33m.[39mdecision)[33m.[39mtoBe([32m'DENY'[39m)[33m;[39m
     [90m     |[39m                               [31m[1m^[22m[39m
     [90m 278 |[39m       expect(result[33m.[39mevaluatedPolicies[[35m0[39m][33m.[39mpolicyName)[33m.[39mtoBe([32m'Deny all FIR access'[39m)[33m;[39m
     [90m 279 |[39m     })[33m;[39m
     [90m 280 |[39m[0m

      at Object.<anonymous> (domain/identity-access/abac/abac-integration.spec.ts:277:31)

FAIL application/analytics/analytics.service.spec.ts (21.136 s)
  ● AnalyticsService › Waste Type Analytics › should calculate waste by destination type

    expect(received).toBe(expected) // Object.is equality

    Expected: 80
    Received: 0

    [0m [90m 138 |[39m       [36mconst[39m byDestination [33m=[39m [36mawait[39m service[33m.[39mgetWasteByDestination([32m'tenant-1'[39m)[33m;[39m
     [90m 139 |[39m
    [31m[1m>[22m[39m[90m 140 |[39m       expect(byDestination[33m.[39mrecovery[33m.[39mcount)[33m.[39mtoBe([35m80[39m)[33m;[39m
     [90m     |[39m                                            [31m[1m^[22m[39m
     [90m 141 |[39m       expect(byDestination[33m.[39mdisposal[33m.[39mcount)[33m.[39mtoBe([35m20[39m)[33m;[39m
     [90m 142 |[39m       expect(byDestination[33m.[39mrecyclingRate)[33m.[39mtoBe([35m0.8[39m)[33m;[39m [90m// 80%[39m
     [90m 143 |[39m     })[33m;[39m[0m

      at Object.<anonymous> (application/analytics/analytics.service.spec.ts:140:44)

FAIL infrastructure/keycloak/keycloak-saml.strategy.spec.ts (21.63 s)
  ● KeycloakSamlStrategy (Integration) › SAML Profile Validation › should successfully validate complete SPID SAML profile

    Nest can't resolve dependencies of the KeycloakSamlStrategy (ConfigService, LoggerService, UserRepository, ?). Please make sure that the argument HandleSPIDCallbackUseCase at index [3] is available in the RootTestModule context.

    Potential solutions:
    - Is RootTestModule a valid NestJS module?
    - If HandleSPIDCallbackUseCase is a provider, is it part of the current RootTestModule?
    - If HandleSPIDCallbackUseCase is exported from a separate @Module, is that module imported within RootTestModule?
      @Module({
        imports: [ /* the Module containing HandleSPIDCallbackUseCase */ ]
      })

    [0m [90m 57 |[39m     }[33m;[39m
     [90m 58 |[39m
    [31m[1m>[22m[39m[90m 59 |[39m     [36mconst[39m module[33m:[39m [33mTestingModule[39m [33m=[39m [36mawait[39m [33mTest[39m[33m.[39mcreateTestingModule({
     [90m    |[39m                                   [31m[1m^[22m[39m
     [90m 60 |[39m       providers[33m:[39m [
     [90m 61 |[39m         [33mKeycloakSamlStrategy[39m[33m,[39m
     [90m 62 |[39m         { provide[33m:[39m [33mUserRepository[39m[33m,[39m useValue[33m:[39m mockUserRepository }[33m,[39m[0m

      at TestingInjector.lookupComponentInParentModules (../../../node_modules/@nestjs/core/injector/injector.js:262:19)
      at TestingInjector.resolveComponentInstance (../../../node_modules/@nestjs/core/injector/injector.js:215:33)
      at TestingInjector.resolveComponentInstance (../../../node_modules/@nestjs/testing/testing-injector.js:19:45)
      at resolveParam (../../../node_modules/@nestjs/core/injector/injector.js:129:38)
          at async Promise.all (index 3)
      at TestingInjector.resolveConstructorParams (../../../node_modules/@nestjs/core/injector/injector.js:144:27)
      at TestingInjector.loadInstance (../../../node_modules/@nestjs/core/injector/injector.js:70:13)
      at TestingInjector.loadProvider (../../../node_modules/@nestjs/core/injector/injector.js:98:9)
      at ../../../node_modules/@nestjs/core/injector/instance-loader.js:56:13
          at async Promise.all (index 3)
      at TestingInstanceLoader.createInstancesOfProviders (../../../node_modules/@nestjs/core/injector/instance-loader.js:55:9)
      at ../../../node_modules/@nestjs/core/injector/instance-loader.js:40:13
          at async Promise.all (index 1)
      at TestingInstanceLoader.createInstances (../../../node_modules/@nestjs/core/injector/instance-loader.js:39:9)
      at TestingInstanceLoader.createInstancesOfDependencies (../../../node_modules/@nestjs/core/injector/instance-loader.js:22:13)
      at TestingInstanceLoader.createInstancesOfDependencies (../../../node_modules/@nestjs/testing/testing-instance-loader.js:9:9)
      at TestingModuleBuilder.createInstancesOfDependencies (../../../node_modules/@nestjs/testing/testing-module.builder.js:118:9)
      at TestingModuleBuilder.compile (../../../node_modules/@nestjs/testing/testing-module.builder.js:74:9)
      at Object.<anonymous> (infrastructure/keycloak/keycloak-saml.strategy.spec.ts:59:35)

  ● KeycloakSamlStrategy (Integration) › SAML Profile Validation › should update existing user SPID attributes

    Nest can't resolve dependencies of the KeycloakSamlStrategy (ConfigService, LoggerService, UserRepository, ?). Please make sure that the argument HandleSPIDCallbackUseCase at index [3] is available in the RootTestModule context.

    Potential solutions:
    - Is RootTestModule a valid NestJS module?
    - If HandleSPIDCallbackUseCase is a provider, is it part of the current RootTestModule?
    - If HandleSPIDCallbackUseCase is exported from a separate @Module, is that module imported within RootTestModule?
      @Module({
        imports: [ /* the Module containing HandleSPIDCallbackUseCase */ ]
      })

    [0m [90m 57 |[39m     }[33m;[39m
     [90m 58 |[39m
    [31m[1m>[22m[39m[90m 59 |[39m     [36mconst[39m module[33m:[39m [33mTestingModule[39m [33m=[39m [36mawait[39m [33mTest[39m[33m.[39mcreateTestingModule({
     [90m    |[39m                                   [31m[1m^[22m[39m
     [90m 60 |[39m       providers[33m:[39m [
     [90m 61 |[39m         [33mKeycloakSamlStrategy[39m[33m,[39m
     [90m 62 |[39m         { provide[33m:[39m [33mUserRepository[39m[33m,[39m useValue[33m:[39m mockUserRepository }[33m,[39m[0m

      at TestingInjector.lookupComponentInParentModules (../../../node_modules/@nestjs/core/injector/injector.js:262:19)
      at TestingInjector.resolveComponentInstance (../../../node_modules/@nestjs/core/injector/injector.js:215:33)
      at TestingInjector.resolveComponentInstance (../../../node_modules/@nestjs/testing/testing-injector.js:19:45)
      at resolveParam (../../../node_modules/@nestjs/core/injector/injector.js:129:38)
          at async Promise.all (index 3)
      at TestingInjector.resolveConstructorParams (../../../node_modules/@nestjs/core/injector/injector.js:144:27)
      at TestingInjector.loadInstance (../../../node_modules/@nestjs/core/injector/injector.js:70:13)
      at TestingInjector.loadProvider (../../../node_modules/@nestjs/core/injector/injector.js:98:9)
      at ../../../node_modules/@nestjs/core/injector/instance-loader.js:56:13
          at async Promise.all (index 3)
      at TestingInstanceLoader.createInstancesOfProviders (../../../node_modules/@nestjs/core/injector/instance-loader.js:55:9)
      at ../../../node_modules/@nestjs/core/injector/instance-loader.js:40:13
          at async Promise.all (index 1)
      at TestingInstanceLoader.createInstances (../../../node_modules/@nestjs/core/injector/instance-loader.js:39:9)
      at TestingInstanceLoader.createInstancesOfDependencies (../../../node_modules/@nestjs/core/injector/instance-loader.js:22:13)
      at TestingInstanceLoader.createInstancesOfDependencies (../../../node_modules/@nestjs/testing/testing-instance-loader.js:9:9)
      at TestingModuleBuilder.createInstancesOfDependencies (../../../node_modules/@nestjs/testing/testing-module.builder.js:118:9)
      at TestingModuleBuilder.compile (../../../node_modules/@nestjs/testing/testing-module.builder.js:74:9)
      at Object.<anonymous> (infrastructure/keycloak/keycloak-saml.strategy.spec.ts:59:35)

  ● KeycloakSamlStrategy (Integration) › SAML Profile Validation › should fail with missing fiscal code

    Nest can't resolve dependencies of the KeycloakSamlStrategy (ConfigService, LoggerService, UserRepository, ?). Please make sure that the argument HandleSPIDCallbackUseCase at index [3] is available in the RootTestModule context.

    Potential solutions:
    - Is RootTestModule a valid NestJS module?
    - If HandleSPIDCallbackUseCase is a provider, is it part of the current RootTestModule?
    - If HandleSPIDCallbackUseCase is exported from a separate @Module, is that module imported within RootTestModule?
      @Module({
        imports: [ /* the Module containing HandleSPIDCallbackUseCase */ ]
      })

    [0m [90m 57 |[39m     }[33m;[39m
     [90m 58 |[39m
    [31m[1m>[22m[39m[90m 59 |[39m     [36mconst[39m module[33m:[39m [33mTestingModule[39m [33m=[39m [36mawait[39m [33mTest[39m[33m.[39mcreateTestingModule({
     [90m    |[39m                                   [31m[1m^[22m[39m
     [90m 60 |[39m       providers[33m:[39m [
     [90m 61 |[39m         [33mKeycloakSamlStrategy[39m[33m,[39m
     [90m 62 |[39m         { provide[33m:[39m [33mUserRepository[39m[33m,[39m useValue[33m:[39m mockUserRepository }[33m,[39m[0m

      at TestingInjector.lookupComponentInParentModules (../../../node_modules/@nestjs/core/injector/injector.js:262:19)
      at TestingInjector.resolveComponentInstance (../../../node_modules/@nestjs/core/injector/injector.js:215:33)
      at TestingInjector.resolveComponentInstance (../../../node_modules/@nestjs/testing/testing-injector.js:19:45)
      at resolveParam (../../../node_modules/@nestjs/core/injector/injector.js:129:38)
          at async Promise.all (index 3)
      at TestingInjector.resolveConstructorParams (../../../node_modules/@nestjs/core/injector/injector.js:144:27)
      at TestingInjector.loadInstance (../../../node_modules/@nestjs/core/injector/injector.js:70:13)
      at TestingInjector.loadProvider (../../../node_modules/@nestjs/core/injector/injector.js:98:9)
      at ../../../node_modules/@nestjs/core/injector/instance-loader.js:56:13
          at async Promise.all (index 3)
      at TestingInstanceLoader.createInstancesOfProviders (../../../node_modules/@nestjs/core/injector/instance-loader.js:55:9)
      at ../../../node_modules/@nestjs/core/injector/instance-loader.js:40:13
          at async Promise.all (index 1)
      at TestingInstanceLoader.createInstances (../../../node_modules/@nestjs/core/injector/instance-loader.js:39:9)
      at TestingInstanceLoader.createInstancesOfDependencies (../../../node_modules/@nestjs/core/injector/instance-loader.js:22:13)
      at TestingInstanceLoader.createInstancesOfDependencies (../../../node_modules/@nestjs/testing/testing-instance-loader.js:9:9)
      at TestingModuleBuilder.createInstancesOfDependencies (../../../node_modules/@nestjs/testing/testing-module.builder.js:118:9)
      at TestingModuleBuilder.compile (../../../node_modules/@nestjs/testing/testing-module.builder.js:74:9)
      at Object.<anonymous> (infrastructure/keycloak/keycloak-saml.strategy.spec.ts:59:35)

  ● KeycloakSamlStrategy (Integration) › SAML Profile Validation › should fail with invalid SPID level

    Nest can't resolve dependencies of the KeycloakSamlStrategy (ConfigService, LoggerService, UserRepository, ?). Please make sure that the argument HandleSPIDCallbackUseCase at index [3] is available in the RootTestModule context.

    Potential solutions:
    - Is RootTestModule a valid NestJS module?
    - If HandleSPIDCallbackUseCase is a provider, is it part of the current RootTestModule?
    - If HandleSPIDCallbackUseCase is exported from a separate @Module, is that module imported within RootTestModule?
      @Module({
        imports: [ /* the Module containing HandleSPIDCallbackUseCase */ ]
      })

    [0m [90m 57 |[39m     }[33m;[39m
     [90m 58 |[39m
    [31m[1m>[22m[39m[90m 59 |[39m     [36mconst[39m module[33m:[39m [33mTestingModule[39m [33m=[39m [36mawait[39m [33mTest[39m[33m.[39mcreateTestingModule({
     [90m    |[39m                                   [31m[1m^[22m[39m
     [90m 60 |[39m       providers[33m:[39m [
     [90m 61 |[39m         [33mKeycloakSamlStrategy[39m[33m,[39m
     [90m 62 |[39m         { provide[33m:[39m [33mUserRepository[39m[33m,[39m useValue[33m:[39m mockUserRepository }[33m,[39m[0m

      at TestingInjector.lookupComponentInParentModules (../../../node_modules/@nestjs/core/injector/injector.js:262:19)
      at TestingInjector.resolveComponentInstance (../../../node_modules/@nestjs/core/injector/injector.js:215:33)
      at TestingInjector.resolveComponentInstance (../../../node_modules/@nestjs/testing/testing-injector.js:19:45)
      at resolveParam (../../../node_modules/@nestjs/core/injector/injector.js:129:38)
          at async Promise.all (index 3)
      at TestingInjector.resolveConstructorParams (../../../node_modules/@nestjs/core/injector/injector.js:144:27)
      at TestingInjector.loadInstance (../../../node_modules/@nestjs/core/injector/injector.js:70:13)
      at TestingInjector.loadProvider (../../../node_modules/@nestjs/core/injector/injector.js:98:9)
      at ../../../node_modules/@nestjs/core/injector/instance-loader.js:56:13
          at async Promise.all (index 3)
      at TestingInstanceLoader.createInstancesOfProviders (../../../node_modules/@nestjs/core/injector/instance-loader.js:55:9)
      at ../../../node_modules/@nestjs/core/injector/instance-loader.js:40:13
          at async Promise.all (index 1)
      at TestingInstanceLoader.createInstances (../../../node_modules/@nestjs/core/injector/instance-loader.js:39:9)
      at TestingInstanceLoader.createInstancesOfDependencies (../../../node_modules/@nestjs/core/injector/instance-loader.js:22:13)
      at TestingInstanceLoader.createInstancesOfDependencies (../../../node_modules/@nestjs/testing/testing-instance-loader.js:9:9)
      at TestingModuleBuilder.createInstancesOfDependencies (../../../node_modules/@nestjs/testing/testing-module.builder.js:118:9)
      at TestingModuleBuilder.compile (../../../node_modules/@nestjs/testing/testing-module.builder.js:74:9)
      at Object.<anonymous> (infrastructure/keycloak/keycloak-saml.strategy.spec.ts:59:35)

  ● KeycloakSamlStrategy (Integration) › SAML Profile Validation › should fail with missing email

    Nest can't resolve dependencies of the KeycloakSamlStrategy (ConfigService, LoggerService, UserRepository, ?). Please make sure that the argument HandleSPIDCallbackUseCase at index [3] is available in the RootTestModule context.

    Potential solutions:
    - Is RootTestModule a valid NestJS module?
    - If HandleSPIDCallbackUseCase is a provider, is it part of the current RootTestModule?
    - If HandleSPIDCallbackUseCase is exported from a separate @Module, is that module imported within RootTestModule?
      @Module({
        imports: [ /* the Module containing HandleSPIDCallbackUseCase */ ]
      })

    [0m [90m 57 |[39m     }[33m;[39m
     [90m 58 |[39m
    [31m[1m>[22m[39m[90m 59 |[39m     [36mconst[39m module[33m:[39m [33mTestingModule[39m [33m=[39m [36mawait[39m [33mTest[39m[33m.[39mcreateTestingModule({
     [90m    |[39m                                   [31m[1m^[22m[39m
     [90m 60 |[39m       providers[33m:[39m [
     [90m 61 |[39m         [33mKeycloakSamlStrategy[39m[33m,[39m
     [90m 62 |[39m         { provide[33m:[39m [33mUserRepository[39m[33m,[39m useValue[33m:[39m mockUserRepository }[33m,[39m[0m

      at TestingInjector.lookupComponentInParentModules (../../../node_modules/@nestjs/core/injector/injector.js:262:19)
      at TestingInjector.resolveComponentInstance (../../../node_modules/@nestjs/core/injector/injector.js:215:33)
      at TestingInjector.resolveComponentInstance (../../../node_modules/@nestjs/testing/testing-injector.js:19:45)
      at resolveParam (../../../node_modules/@nestjs/core/injector/injector.js:129:38)
          at async Promise.all (index 3)
      at TestingInjector.resolveConstructorParams (../../../node_modules/@nestjs/core/injector/injector.js:144:27)
      at TestingInjector.loadInstance (../../../node_modules/@nestjs/core/injector/injector.js:70:13)
      at TestingInjector.loadProvider (../../../node_modules/@nestjs/core/injector/injector.js:98:9)
      at ../../../node_modules/@nestjs/core/injector/instance-loader.js:56:13
          at async Promise.all (index 3)
      at TestingInstanceLoader.createInstancesOfProviders (../../../node_modules/@nestjs/core/injector/instance-loader.js:55:9)
      at ../../../node_modules/@nestjs/core/injector/instance-loader.js:40:13
          at async Promise.all (index 1)
      at TestingInstanceLoader.createInstances (../../../node_modules/@nestjs/core/injector/instance-loader.js:39:9)
      at TestingInstanceLoader.createInstancesOfDependencies (../../../node_modules/@nestjs/core/injector/instance-loader.js:22:13)
      at TestingInstanceLoader.createInstancesOfDependencies (../../../node_modules/@nestjs/testing/testing-instance-loader.js:9:9)
      at TestingModuleBuilder.createInstancesOfDependencies (../../../node_modules/@nestjs/testing/testing-module.builder.js:118:9)
      at TestingModuleBuilder.compile (../../../node_modules/@nestjs/testing/testing-module.builder.js:74:9)
      at Object.<anonymous> (infrastructure/keycloak/keycloak-saml.strategy.spec.ts:59:35)

  ● KeycloakSamlStrategy (Integration) › CIE (Carta Identità Elettronica) Support › should accept CIE authentication

    Nest can't resolve dependencies of the KeycloakSamlStrategy (ConfigService, LoggerService, UserRepository, ?). Please make sure that the argument HandleSPIDCallbackUseCase at index [3] is available in the RootTestModule context.

    Potential solutions:
    - Is RootTestModule a valid NestJS module?
    - If HandleSPIDCallbackUseCase is a provider, is it part of the current RootTestModule?
    - If HandleSPIDCallbackUseCase is exported from a separate @Module, is that module imported within RootTestModule?
      @Module({
        imports: [ /* the Module containing HandleSPIDCallbackUseCase */ ]
      })

    [0m [90m 57 |[39m     }[33m;[39m
     [90m 58 |[39m
    [31m[1m>[22m[39m[90m 59 |[39m     [36mconst[39m module[33m:[39m [33mTestingModule[39m [33m=[39m [36mawait[39m [33mTest[39m[33m.[39mcreateTestingModule({
     [90m    |[39m                                   [31m[1m^[22m[39m
     [90m 60 |[39m       providers[33m:[39m [
     [90m 61 |[39m         [33mKeycloakSamlStrategy[39m[33m,[39m
     [90m 62 |[39m         { provide[33m:[39m [33mUserRepository[39m[33m,[39m useValue[33m:[39m mockUserRepository }[33m,[39m[0m

      at TestingInjector.lookupComponentInParentModules (../../../node_modules/@nestjs/core/injector/injector.js:262:19)
      at TestingInjector.resolveComponentInstance (../../../node_modules/@nestjs/core/injector/injector.js:215:33)
      at TestingInjector.resolveComponentInstance (../../../node_modules/@nestjs/testing/testing-injector.js:19:45)
      at resolveParam (../../../node_modules/@nestjs/core/injector/injector.js:129:38)
          at async Promise.all (index 3)
      at TestingInjector.resolveConstructorParams (../../../node_modules/@nestjs/core/injector/injector.js:144:27)
      at TestingInjector.loadInstance (../../../node_modules/@nestjs/core/injector/injector.js:70:13)
      at TestingInjector.loadProvider (../../../node_modules/@nestjs/core/injector/injector.js:98:9)
      at ../../../node_modules/@nestjs/core/injector/instance-loader.js:56:13
          at async Promise.all (index 3)
      at TestingInstanceLoader.createInstancesOfProviders (../../../node_modules/@nestjs/core/injector/instance-loader.js:55:9)
      at ../../../node_modules/@nestjs/core/injector/instance-loader.js:40:13
          at async Promise.all (index 1)
      at TestingInstanceLoader.createInstances (../../../node_modules/@nestjs/core/injector/instance-loader.js:39:9)
      at TestingInstanceLoader.createInstancesOfDependencies (../../../node_modules/@nestjs/core/injector/instance-loader.js:22:13)
      at TestingInstanceLoader.createInstancesOfDependencies (../../../node_modules/@nestjs/testing/testing-instance-loader.js:9:9)
      at TestingModuleBuilder.createInstancesOfDependencies (../../../node_modules/@nestjs/testing/testing-module.builder.js:118:9)
      at TestingModuleBuilder.compile (../../../node_modules/@nestjs/testing/testing-module.builder.js:74:9)
      at Object.<anonymous> (infrastructure/keycloak/keycloak-saml.strategy.spec.ts:59:35)

  ● KeycloakSamlStrategy (Integration) › Multiple Identity Provider Support › should accept multiple SPID providers

    Nest can't resolve dependencies of the KeycloakSamlStrategy (ConfigService, LoggerService, UserRepository, ?). Please make sure that the argument HandleSPIDCallbackUseCase at index [3] is available in the RootTestModule context.

    Potential solutions:
    - Is RootTestModule a valid NestJS module?
    - If HandleSPIDCallbackUseCase is a provider, is it part of the current RootTestModule?
    - If HandleSPIDCallbackUseCase is exported from a separate @Module, is that module imported within RootTestModule?
      @Module({
        imports: [ /* the Module containing HandleSPIDCallbackUseCase */ ]
      })

    [0m [90m 57 |[39m     }[33m;[39m
     [90m 58 |[39m
    [31m[1m>[22m[39m[90m 59 |[39m     [36mconst[39m module[33m:[39m [33mTestingModule[39m [33m=[39m [36mawait[39m [33mTest[39m[33m.[39mcreateTestingModule({
     [90m    |[39m                                   [31m[1m^[22m[39m
     [90m 60 |[39m       providers[33m:[39m [
     [90m 61 |[39m         [33mKeycloakSamlStrategy[39m[33m,[39m
     [90m 62 |[39m         { provide[33m:[39m [33mUserRepository[39m[33m,[39m useValue[33m:[39m mockUserRepository }[33m,[39m[0m

      at TestingInjector.lookupComponentInParentModules (../../../node_modules/@nestjs/core/injector/injector.js:262:19)
      at TestingInjector.resolveComponentInstance (../../../node_modules/@nestjs/core/injector/injector.js:215:33)
      at TestingInjector.resolveComponentInstance (../../../node_modules/@nestjs/testing/testing-injector.js:19:45)
      at resolveParam (../../../node_modules/@nestjs/core/injector/injector.js:129:38)
          at async Promise.all (index 3)
      at TestingInjector.resolveConstructorParams (../../../node_modules/@nestjs/core/injector/injector.js:144:27)
      at TestingInjector.loadInstance (../../../node_modules/@nestjs/core/injector/injector.js:70:13)
      at TestingInjector.loadProvider (../../../node_modules/@nestjs/core/injector/injector.js:98:9)
      at ../../../node_modules/@nestjs/core/injector/instance-loader.js:56:13
          at async Promise.all (index 3)
      at TestingInstanceLoader.createInstancesOfProviders (../../../node_modules/@nestjs/core/injector/instance-loader.js:55:9)
      at ../../../node_modules/@nestjs/core/injector/instance-loader.js:40:13
          at async Promise.all (index 1)
      at TestingInstanceLoader.createInstances (../../../node_modules/@nestjs/core/injector/instance-loader.js:39:9)
      at TestingInstanceLoader.createInstancesOfDependencies (../../../node_modules/@nestjs/core/injector/instance-loader.js:22:13)
      at TestingInstanceLoader.createInstancesOfDependencies (../../../node_modules/@nestjs/testing/testing-instance-loader.js:9:9)
      at TestingModuleBuilder.createInstancesOfDependencies (../../../node_modules/@nestjs/testing/testing-module.builder.js:118:9)
      at TestingModuleBuilder.compile (../../../node_modules/@nestjs/testing/testing-module.builder.js:74:9)
      at Object.<anonymous> (infrastructure/keycloak/keycloak-saml.strategy.spec.ts:59:35)

  ● KeycloakSamlStrategy (Integration) › Session Management › should include session ID and timestamp

    Nest can't resolve dependencies of the KeycloakSamlStrategy (ConfigService, LoggerService, UserRepository, ?). Please make sure that the argument HandleSPIDCallbackUseCase at index [3] is available in the RootTestModule context.

    Potential solutions:
    - Is RootTestModule a valid NestJS module?
    - If HandleSPIDCallbackUseCase is a provider, is it part of the current RootTestModule?
    - If HandleSPIDCallbackUseCase is exported from a separate @Module, is that module imported within RootTestModule?
      @Module({
        imports: [ /* the Module containing HandleSPIDCallbackUseCase */ ]
      })

    [0m [90m 57 |[39m     }[33m;[39m
     [90m 58 |[39m
    [31m[1m>[22m[39m[90m 59 |[39m     [36mconst[39m module[33m:[39m [33mTestingModule[39m [33m=[39m [36mawait[39m [33mTest[39m[33m.[39mcreateTestingModule({
     [90m    |[39m                                   [31m[1m^[22m[39m
     [90m 60 |[39m       providers[33m:[39m [
     [90m 61 |[39m         [33mKeycloakSamlStrategy[39m[33m,[39m
     [90m 62 |[39m         { provide[33m:[39m [33mUserRepository[39m[33m,[39m useValue[33m:[39m mockUserRepository }[33m,[39m[0m

      at TestingInjector.lookupComponentInParentModules (../../../node_modules/@nestjs/core/injector/injector.js:262:19)
      at TestingInjector.resolveComponentInstance (../../../node_modules/@nestjs/core/injector/injector.js:215:33)
      at TestingInjector.resolveComponentInstance (../../../node_modules/@nestjs/testing/testing-injector.js:19:45)
      at resolveParam (../../../node_modules/@nestjs/core/injector/injector.js:129:38)
          at async Promise.all (index 3)
      at TestingInjector.resolveConstructorParams (../../../node_modules/@nestjs/core/injector/injector.js:144:27)
      at TestingInjector.loadInstance (../../../node_modules/@nestjs/core/injector/injector.js:70:13)
      at TestingInjector.loadProvider (../../../node_modules/@nestjs/core/injector/injector.js:98:9)
      at ../../../node_modules/@nestjs/core/injector/instance-loader.js:56:13
          at async Promise.all (index 3)
      at TestingInstanceLoader.createInstancesOfProviders (../../../node_modules/@nestjs/core/injector/instance-loader.js:55:9)
      at ../../../node_modules/@nestjs/core/injector/instance-loader.js:40:13
          at async Promise.all (index 1)
      at TestingInstanceLoader.createInstances (../../../node_modules/@nestjs/core/injector/instance-loader.js:39:9)
      at TestingInstanceLoader.createInstancesOfDependencies (../../../node_modules/@nestjs/core/injector/instance-loader.js:22:13)
      at TestingInstanceLoader.createInstancesOfDependencies (../../../node_modules/@nestjs/testing/testing-instance-loader.js:9:9)
      at TestingModuleBuilder.createInstancesOfDependencies (../../../node_modules/@nestjs/testing/testing-module.builder.js:118:9)
      at TestingModuleBuilder.compile (../../../node_modules/@nestjs/testing/testing-module.builder.js:74:9)
      at Object.<anonymous> (infrastructure/keycloak/keycloak-saml.strategy.spec.ts:59:35)

  ● KeycloakSamlStrategy (Integration) › Error Handling › should handle repository errors gracefully

    Nest can't resolve dependencies of the KeycloakSamlStrategy (ConfigService, LoggerService, UserRepository, ?). Please make sure that the argument HandleSPIDCallbackUseCase at index [3] is available in the RootTestModule context.

    Potential solutions:
    - Is RootTestModule a valid NestJS module?
    - If HandleSPIDCallbackUseCase is a provider, is it part of the current RootTestModule?
    - If HandleSPIDCallbackUseCase is exported from a separate @Module, is that module imported within RootTestModule?
      @Module({
        imports: [ /* the Module containing HandleSPIDCallbackUseCase */ ]
      })

    [0m [90m 57 |[39m     }[33m;[39m
     [90m 58 |[39m
    [31m[1m>[22m[39m[90m 59 |[39m     [36mconst[39m module[33m:[39m [33mTestingModule[39m [33m=[39m [36mawait[39m [33mTest[39m[33m.[39mcreateTestingModule({
     [90m    |[39m                                   [31m[1m^[22m[39m
     [90m 60 |[39m       providers[33m:[39m [
     [90m 61 |[39m         [33mKeycloakSamlStrategy[39m[33m,[39m
     [90m 62 |[39m         { provide[33m:[39m [33mUserRepository[39m[33m,[39m useValue[33m:[39m mockUserRepository }[33m,[39m[0m

      at TestingInjector.lookupComponentInParentModules (../../../node_modules/@nestjs/core/injector/injector.js:262:19)
      at TestingInjector.resolveComponentInstance (../../../node_modules/@nestjs/core/injector/injector.js:215:33)
      at TestingInjector.resolveComponentInstance (../../../node_modules/@nestjs/testing/testing-injector.js:19:45)
      at resolveParam (../../../node_modules/@nestjs/core/injector/injector.js:129:38)
          at async Promise.all (index 3)
      at TestingInjector.resolveConstructorParams (../../../node_modules/@nestjs/core/injector/injector.js:144:27)
      at TestingInjector.loadInstance (../../../node_modules/@nestjs/core/injector/injector.js:70:13)
      at TestingInjector.loadProvider (../../../node_modules/@nestjs/core/injector/injector.js:98:9)
      at ../../../node_modules/@nestjs/core/injector/instance-loader.js:56:13
          at async Promise.all (index 3)
      at TestingInstanceLoader.createInstancesOfProviders (../../../node_modules/@nestjs/core/injector/instance-loader.js:55:9)
      at ../../../node_modules/@nestjs/core/injector/instance-loader.js:40:13
          at async Promise.all (index 1)
      at TestingInstanceLoader.createInstances (../../../node_modules/@nestjs/core/injector/instance-loader.js:39:9)
      at TestingInstanceLoader.createInstancesOfDependencies (../../../node_modules/@nestjs/core/injector/instance-loader.js:22:13)
      at TestingInstanceLoader.createInstancesOfDependencies (../../../node_modules/@nestjs/testing/testing-instance-loader.js:9:9)
      at TestingModuleBuilder.createInstancesOfDependencies (../../../node_modules/@nestjs/testing/testing-module.builder.js:118:9)
      at TestingModuleBuilder.compile (../../../node_modules/@nestjs/testing/testing-module.builder.js:74:9)
      at Object.<anonymous> (infrastructure/keycloak/keycloak-saml.strategy.spec.ts:59:35)

  ● KeycloakSamlStrategy (Integration) › Error Handling › should log authentication attempts

    Nest can't resolve dependencies of the KeycloakSamlStrategy (ConfigService, LoggerService, UserRepository, ?). Please make sure that the argument HandleSPIDCallbackUseCase at index [3] is available in the RootTestModule context.

    Potential solutions:
    - Is RootTestModule a valid NestJS module?
    - If HandleSPIDCallbackUseCase is a provider, is it part of the current RootTestModule?
    - If HandleSPIDCallbackUseCase is exported from a separate @Module, is that module imported within RootTestModule?
      @Module({
        imports: [ /* the Module containing HandleSPIDCallbackUseCase */ ]
      })

    [0m [90m 57 |[39m     }[33m;[39m
     [90m 58 |[39m
    [31m[1m>[22m[39m[90m 59 |[39m     [36mconst[39m module[33m:[39m [33mTestingModule[39m [33m=[39m [36mawait[39m [33mTest[39m[33m.[39mcreateTestingModule({
     [90m    |[39m                                   [31m[1m^[22m[39m
     [90m 60 |[39m       providers[33m:[39m [
     [90m 61 |[39m         [33mKeycloakSamlStrategy[39m[33m,[39m
     [90m 62 |[39m         { provide[33m:[39m [33mUserRepository[39m[33m,[39m useValue[33m:[39m mockUserRepository }[33m,[39m[0m

      at TestingInjector.lookupComponentInParentModules (../../../node_modules/@nestjs/core/injector/injector.js:262:19)
      at TestingInjector.resolveComponentInstance (../../../node_modules/@nestjs/core/injector/injector.js:215:33)
      at TestingInjector.resolveComponentInstance (../../../node_modules/@nestjs/testing/testing-injector.js:19:45)
      at resolveParam (../../../node_modules/@nestjs/core/injector/injector.js:129:38)
          at async Promise.all (index 3)
      at TestingInjector.resolveConstructorParams (../../../node_modules/@nestjs/core/injector/injector.js:144:27)
      at TestingInjector.loadInstance (../../../node_modules/@nestjs/core/injector/injector.js:70:13)
      at TestingInjector.loadProvider (../../../node_modules/@nestjs/core/injector/injector.js:98:9)
      at ../../../node_modules/@nestjs/core/injector/instance-loader.js:56:13
          at async Promise.all (index 3)
      at TestingInstanceLoader.createInstancesOfProviders (../../../node_modules/@nestjs/core/injector/instance-loader.js:55:9)
      at ../../../node_modules/@nestjs/core/injector/instance-loader.js:40:13
          at async Promise.all (index 1)
      at TestingInstanceLoader.createInstances (../../../node_modules/@nestjs/core/injector/instance-loader.js:39:9)
      at TestingInstanceLoader.createInstancesOfDependencies (../../../node_modules/@nestjs/core/injector/instance-loader.js:22:13)
      at TestingInstanceLoader.createInstancesOfDependencies (../../../node_modules/@nestjs/testing/testing-instance-loader.js:9:9)
      at TestingModuleBuilder.createInstancesOfDependencies (../../../node_modules/@nestjs/testing/testing-module.builder.js:118:9)
      at TestingModuleBuilder.compile (../../../node_modules/@nestjs/testing/testing-module.builder.js:74:9)
      at Object.<anonymous> (infrastructure/keycloak/keycloak-saml.strategy.spec.ts:59:35)

  ● KeycloakSamlStrategy (Integration) › Attribute Mapping › should map SPID attributes correctly

    Nest can't resolve dependencies of the KeycloakSamlStrategy (ConfigService, LoggerService, UserRepository, ?). Please make sure that the argument HandleSPIDCallbackUseCase at index [3] is available in the RootTestModule context.

    Potential solutions:
    - Is RootTestModule a valid NestJS module?
    - If HandleSPIDCallbackUseCase is a provider, is it part of the current RootTestModule?
    - If HandleSPIDCallbackUseCase is exported from a separate @Module, is that module imported within RootTestModule?
      @Module({
        imports: [ /* the Module containing HandleSPIDCallbackUseCase */ ]
      })

    [0m [90m 57 |[39m     }[33m;[39m
     [90m 58 |[39m
    [31m[1m>[22m[39m[90m 59 |[39m     [36mconst[39m module[33m:[39m [33mTestingModule[39m [33m=[39m [36mawait[39m [33mTest[39m[33m.[39mcreateTestingModule({
     [90m    |[39m                                   [31m[1m^[22m[39m
     [90m 60 |[39m       providers[33m:[39m [
     [90m 61 |[39m         [33mKeycloakSamlStrategy[39m[33m,[39m
     [90m 62 |[39m         { provide[33m:[39m [33mUserRepository[39m[33m,[39m useValue[33m:[39m mockUserRepository }[33m,[39m[0m

      at TestingInjector.lookupComponentInParentModules (../../../node_modules/@nestjs/core/injector/injector.js:262:19)
      at TestingInjector.resolveComponentInstance (../../../node_modules/@nestjs/core/injector/injector.js:215:33)
      at TestingInjector.resolveComponentInstance (../../../node_modules/@nestjs/testing/testing-injector.js:19:45)
      at resolveParam (../../../node_modules/@nestjs/core/injector/injector.js:129:38)
          at async Promise.all (index 3)
      at TestingInjector.resolveConstructorParams (../../../node_modules/@nestjs/core/injector/injector.js:144:27)
      at TestingInjector.loadInstance (../../../node_modules/@nestjs/core/injector/injector.js:70:13)
      at TestingInjector.loadProvider (../../../node_modules/@nestjs/core/injector/injector.js:98:9)
      at ../../../node_modules/@nestjs/core/injector/instance-loader.js:56:13
          at async Promise.all (index 3)
      at TestingInstanceLoader.createInstancesOfProviders (../../../node_modules/@nestjs/core/injector/instance-loader.js:55:9)
      at ../../../node_modules/@nestjs/core/injector/instance-loader.js:40:13
          at async Promise.all (index 1)
      at TestingInstanceLoader.createInstances (../../../node_modules/@nestjs/core/injector/instance-loader.js:39:9)
      at TestingInstanceLoader.createInstancesOfDependencies (../../../node_modules/@nestjs/core/injector/instance-loader.js:22:13)
      at TestingInstanceLoader.createInstancesOfDependencies (../../../node_modules/@nestjs/testing/testing-instance-loader.js:9:9)
      at TestingModuleBuilder.createInstancesOfDependencies (../../../node_modules/@nestjs/testing/testing-module.builder.js:118:9)
      at TestingModuleBuilder.compile (../../../node_modules/@nestjs/testing/testing-module.builder.js:74:9)
      at Object.<anonymous> (infrastructure/keycloak/keycloak-saml.strategy.spec.ts:59:35)

FAIL domain/auth/entities/user.entity.spec.ts
  ● Test suite failed to run

    [96msrc/domain/auth/entities/user.entity.spec.ts[0m:[93m99[0m:[93m5[0m - [91merror[0m[90m TS1005: [0m',' expected.

    [7m99[0m     })
    [7m  [0m [91m    ~[0m

FAIL api/cer/cer.controller.spec.ts
  ● Test suite failed to run

    [96msrc/api/cer/cer.controller.spec.ts[0m:[93m53[0m:[93m7[0m - [91merror[0m[90m TS2554: [0mExpected 1 arguments, but got 4.

    [7m53[0m       expect(result[0].code).toBe('13 02 05*')
    [7m  [0m [91m      ~~~~~~~~~~~~~~~~~~~~~~~~~~~~~~~~~~~~~~~~[0m
    [7m54[0m       expect(result[0].description).toContain('oli minerali')
    [7m  [0m [91m~~~~~~~~~~~~~~~~~~~~~~~~~~~~~~~~~~~~~~~~~~~~~~~~~~~~~~~~~~~~~[0m
    [7m55[0m       expect(service.search).toHaveBeenCalledWith('olio', {})
    [7m  [0m [91m~~~~~~~~~~~~~~~~~~~~~~~~~~~~~~~~~~~~~~~~~~~~~~~~~~~~~~~~~~~~~[0m
    [96msrc/api/cer/cer.controller.spec.ts[0m:[93m71[0m:[93m7[0m - [91merror[0m[90m TS2554: [0mExpected 1 arguments, but got 2.

    [7m71[0m       expect(service.search).toHaveBeenCalledWith('olio', { pericoloso: true })
    [7m  [0m [91m      ~~~~~~~~~~~~~~~~~~~~~~~~~~~~~~~~~~~~~~~~~~~~~~~~~~~~~~~~~~~~~~~~~~~~~~~~~[0m
    [96msrc/api/cer/cer.controller.spec.ts[0m:[93m53[0m:[93m7[0m - [91merror[0m[90m TS1005: [0m',' expected.

    [7m53[0m       expect(result[0].code).toBe('13 02 05*')
    [7m  [0m [91m      ~~~~~~[0m
    [96msrc/api/cer/cer.controller.spec.ts[0m:[93m54[0m:[93m7[0m - [91merror[0m[90m TS1005: [0m',' expected.

    [7m54[0m       expect(result[0].description).toContain('oli minerali')
    [7m  [0m [91m      ~~~~~~[0m
    [96msrc/api/cer/cer.controller.spec.ts[0m:[93m55[0m:[93m7[0m - [91merror[0m[90m TS1005: [0m',' expected.

    [7m55[0m       expect(service.search).toHaveBeenCalledWith('olio', {})
    [7m  [0m [91m      ~~~~~~[0m
    [96msrc/api/cer/cer.controller.spec.ts[0m:[93m56[0m:[93m5[0m - [91merror[0m[90m TS1005: [0m',' expected.

    [7m56[0m     })
    [7m  [0m [91m    ~[0m
    [96msrc/api/cer/cer.controller.spec.ts[0m:[93m71[0m:[93m7[0m - [91merror[0m[90m TS1005: [0m',' expected.

    [7m71[0m       expect(service.search).toHaveBeenCalledWith('olio', { pericoloso: true })
    [7m  [0m [91m      ~~~~~~[0m
    [96msrc/api/cer/cer.controller.spec.ts[0m:[93m72[0m:[93m5[0m - [91merror[0m[90m TS1005: [0m',' expected.

    [7m72[0m     })
    [7m  [0m [91m    ~[0m
    [96msrc/api/cer/cer.controller.spec.ts[0m:[93m95[0m:[93m5[0m - [91merror[0m[90m TS1005: [0m',' expected.

    [7m95[0m     })
    [7m  [0m [91m    ~[0m

FAIL application/services/task-assignment.service.spec.ts
  ● Test suite failed to run

    [96msrc/application/services/task-assignment.service.spec.ts[0m:[93m796[0m:[93m14[0m - [91merror[0m[90m TS18048: [0m'reassignment.auditTrail' is possibly 'undefined'.

    [7m796[0m       expect(reassignment.auditTrail.action).toBe('reassign');
    [7m   [0m [91m             ~~~~~~~~~~~~~~~~~~~~~~~[0m
    [96msrc/application/services/task-assignment.service.spec.ts[0m:[93m797[0m:[93m14[0m - [91merror[0m[90m TS18048: [0m'reassignment.auditTrail' is possibly 'undefined'.

    [7m797[0m       expect(reassignment.auditTrail.performedBy).toBe(mockFleetManagerId);
    [7m   [0m [91m             ~~~~~~~~~~~~~~~~~~~~~~~[0m
    [96msrc/application/services/task-assignment.service.spec.ts[0m:[93m798[0m:[93m14[0m - [91merror[0m[90m TS18048: [0m'reassignment.auditTrail' is possibly 'undefined'.

    [7m798[0m       expect(reassignment.auditTrail.reason).toBe('Emergency reassignment');
    [7m   [0m [91m             ~~~~~~~~~~~~~~~~~~~~~~~[0m


Test Suites: 10 failed, 33 passed, 43 total
Tests:       26 failed, 455 passed, 481 total
Snapshots:   0 total
Time:        26.701 s, estimated 39 s
Ran all test suites.
npm verbose stack Error: command failed
npm verbose stack     at promiseSpawn (C:\Users\manzo\AppData\Roaming\nvm\v22.10.0\node_modules\npm\node_modules\@npmcli\promise-spawn\lib\index.js:22:22)
npm verbose stack     at spawnWithShell (C:\Users\manzo\AppData\Roaming\nvm\v22.10.0\node_modules\npm\node_modules\@npmcli\promise-spawn\lib\index.js:124:10)
npm verbose stack     at promiseSpawn (C:\Users\manzo\AppData\Roaming\nvm\v22.10.0\node_modules\npm\node_modules\@npmcli\promise-spawn\lib\index.js:12:12)
npm verbose stack     at runScriptPkg (C:\Users\manzo\AppData\Roaming\nvm\v22.10.0\node_modules\npm\node_modules\@npmcli\run-script\lib\run-script-pkg.js:77:13)
npm verbose stack     at runScript (C:\Users\manzo\AppData\Roaming\nvm\v22.10.0\node_modules\npm\node_modules\@npmcli\run-script\lib\run-script.js:9:12)
npm verbose stack     at #run (C:\Users\manzo\AppData\Roaming\nvm\v22.10.0\node_modules\npm\lib\commands\run-script.js:131:13)
npm verbose stack     at RunScript.execWorkspaces (C:\Users\manzo\AppData\Roaming\nvm\v22.10.0\node_modules\npm\lib\commands\run-script.js:63:24)
npm verbose stack     at async Npm.exec (C:\Users\manzo\AppData\Roaming\nvm\v22.10.0\node_modules\npm\lib\npm.js:207:9)
npm verbose stack     at async module.exports (C:\Users\manzo\AppData\Roaming\nvm\v22.10.0\node_modules\npm\lib\cli\entry.js:74:5)
npm verbose pkgid @wasteflow/backend@0.1.0
npm error Lifecycle script `test` failed with error:
npm error code 1
npm error path C:\Progetti\rifiuti\apps\backend
npm error workspace @wasteflow/backend@0.1.0
npm error location C:\Progetti\rifiuti\apps\backend
npm error command failed
npm error command C:\Windows\system32\cmd.exe /d /s /c jest
npm verbose cwd C:\Progetti\rifiuti\apps\backend
npm verbose os Windows_NT 10.0.22631
npm verbose node v22.10.0
npm verbose npm  v10.9.0
npm verbose exit 1
npm verbose code 1
